../npmx/drivers/src/npmx_buck.c:140:21:task_trigger	24	static
../npmx/drivers/src/npmx_buck.c:182:21:pwm_enable_set	16	static
../npmx/drivers/src/npmx_buck.c:197:21:pfm_enable_set	32	static
../npmx/drivers/src/npmx_buck.c:233:17:gpio_config_addr_get	16	static
../npmx/drivers/src/npmx_buck.c:245:16:gpio_config_pin_mask_get	16	static
../npmx/drivers/src/npmx_buck.c:269:16:gpio_config_pin_pos_get	16	static
../npmx/drivers/src/npmx_buck.c:293:16:gpio_config_inv_mask_get	16	static
../npmx/drivers/src/npmx_buck.c:317:16:gpio_config_inv_pos_get	16	static
../npmx/drivers/src/npmx_buck.c:341:16:gpio_config_normal_get	16	static
../npmx/drivers/src/npmx_buck.c:365:16:gpio_config_inverted_get	16	static
../npmx/drivers/src/npmx_buck.c:389:21:gpio_config_set	48	static
../npmx/drivers/src/npmx_buck.c:423:21:gpio_config_get	48	static
../npmx/drivers/src/npmx_buck.c:450:15:npmx_buck_get	16	static
../npmx/drivers/src/npmx_buck.c:458:21:npmx_buck_voltage_convert	16	static
../npmx/drivers/src/npmx_buck.c:515:6:npmx_buck_voltage_convert_to_mv	16	static
../npmx/drivers/src/npmx_buck.c:528:14:npmx_buck_task_trigger	16	static
../npmx/drivers/src/npmx_buck.c:536:14:npmx_buck_converter_mode_set	24	static
../npmx/drivers/src/npmx_buck.c:553:14:npmx_buck_pfm_enable_get	32	static
../npmx/drivers/src/npmx_buck.c:580:14:npmx_buck_normal_voltage_set	24	static
../npmx/drivers/src/npmx_buck.c:595:14:npmx_buck_normal_voltage_get	24	static
../npmx/drivers/src/npmx_buck.c:617:14:npmx_buck_retention_voltage_set	24	static
../npmx/drivers/src/npmx_buck.c:632:14:npmx_buck_retention_voltage_get	24	static
../npmx/drivers/src/npmx_buck.c:654:14:npmx_buck_enable_gpio_config_set	16	static
../npmx/drivers/src/npmx_buck.c:664:14:npmx_buck_enable_gpio_config_get	16	static
../npmx/drivers/src/npmx_buck.c:673:14:npmx_buck_retention_gpio_config_set	16	static
../npmx/drivers/src/npmx_buck.c:683:14:npmx_buck_retention_gpio_config_get	16	static
../npmx/drivers/src/npmx_buck.c:692:14:npmx_buck_forced_pwm_gpio_config_set	16	static
../npmx/drivers/src/npmx_buck.c:702:14:npmx_buck_forced_pwm_gpio_config_get	16	static
../npmx/drivers/src/npmx_buck.c:711:14:npmx_buck_vout_select_set	24	static
../npmx/drivers/src/npmx_buck.c:739:14:npmx_buck_vout_select_get	24	static
../npmx/drivers/src/npmx_buck.c:761:14:npmx_buck_status_voltage_get	24	static
../npmx/drivers/src/npmx_buck.c:789:14:npmx_buck_active_discharge_enable_set	24	static
../npmx/drivers/src/npmx_buck.c:815:14:npmx_buck_active_discharge_enable_get	24	static
../npmx/drivers/src/npmx_buck.c:836:14:npmx_buck_status_get	24	static
