../npmx/drivers/src/npmx_ldsw.c:155:21:task_trigger	24	static
../npmx/drivers/src/npmx_ldsw.c:178:15:npmx_ldsw_get	16	static
../npmx/drivers/src/npmx_ldsw.c:186:21:npmx_ldsw_voltage_convert	16	static
../npmx/drivers/src/npmx_ldsw.c:243:6:npmx_ldsw_voltage_convert_to_mv	16	static
../npmx/drivers/src/npmx_ldsw.c:256:32:npmx_ldsw_soft_start_current_convert	16	static
../npmx/drivers/src/npmx_ldsw.c:273:6:npmx_ldsw_soft_start_current_convert_to_ma	16	static
../npmx/drivers/src/npmx_ldsw.c:295:14:npmx_ldsw_task_trigger	16	static
../npmx/drivers/src/npmx_ldsw.c:303:14:npmx_ldsw_enable_gpio_set	24	static
../npmx/drivers/src/npmx_ldsw.c:324:14:npmx_ldsw_enable_gpio_get	24	static
../npmx/drivers/src/npmx_ldsw.c:351:14:npmx_ldsw_status_get	16	static
../npmx/drivers/src/npmx_ldsw.c:362:14:npmx_ldsw_soft_start_config_set	24	static
../npmx/drivers/src/npmx_ldsw.c:401:14:npmx_ldsw_soft_start_config_get	24	static
../npmx/drivers/src/npmx_ldsw.c:427:14:npmx_ldsw_active_discharge_enable_set	24	static
../npmx/drivers/src/npmx_ldsw.c:459:14:npmx_ldsw_active_discharge_enable_get	24	static
../npmx/drivers/src/npmx_ldsw.c:481:14:npmx_ldsw_mode_set	24	static
../npmx/drivers/src/npmx_ldsw.c:515:14:npmx_ldsw_mode_get	24	static
../npmx/drivers/src/npmx_ldsw.c:538:14:npmx_ldsw_ldo_voltage_set	24	static
../npmx/drivers/src/npmx_ldsw.c:552:14:npmx_ldsw_ldo_voltage_get	24	static
