../npmx/drivers/src/npmx_charger.c:70:21:task_trigger	24	static
../npmx/drivers/src/npmx_charger.c:95:17:ntc_code_get	48	static
../npmx/drivers/src/npmx_charger.c:113:17:die_temperature_to_code	24	static
../npmx/drivers/src/npmx_charger.c:133:16:die_code_to_temperature	24	static
../npmx/drivers/src/npmx_charger.c:154:21:resistance_set	56	static
../npmx/drivers/src/npmx_charger.c:187:21:resistance_get	40	static
../npmx/drivers/src/npmx_charger.c:230:21:temperature_set	48	static
../npmx/drivers/src/npmx_charger.c:269:21:temperature_get	64	static
../npmx/drivers/src/npmx_charger.c:314:18:npmx_charger_get	16	static
../npmx/drivers/src/npmx_charger.c:322:24:npmx_charger_voltage_convert	16	static
../npmx/drivers/src/npmx_charger.c:371:6:npmx_charger_voltage_convert_to_mv	16	static
../npmx/drivers/src/npmx_charger.c:439:24:npmx_charger_trickle_convert	16	static
../npmx/drivers/src/npmx_charger.c:452:6:npmx_charger_trickle_convert_to_mv	16	static
../npmx/drivers/src/npmx_charger.c:468:22:npmx_charger_iterm_convert	16	static
../npmx/drivers/src/npmx_charger.c:487:6:npmx_charger_iterm_convert_to_pct	16	static
../npmx/drivers/src/npmx_charger.c:510:14:npmx_charger_task_trigger	16	static
../npmx/drivers/src/npmx_charger.c:518:14:npmx_charger_module_enable_set	24	static
../npmx/drivers/src/npmx_charger.c:557:14:npmx_charger_module_disable_set	24	static
../npmx/drivers/src/npmx_charger.c:597:14:npmx_charger_module_get	24	static
../npmx/drivers/src/npmx_charger.c:624:14:npmx_charger_charging_current_set	24	static
../npmx/drivers/src/npmx_charger.c:655:14:npmx_charger_charging_current_get	24	static
../npmx/drivers/src/npmx_charger.c:685:14:npmx_charger_discharging_current_set	40	static
../npmx/drivers/src/npmx_charger.c:723:14:npmx_charger_discharging_current_get	40	static
../npmx/drivers/src/npmx_charger.c:762:14:npmx_charger_termination_normal_voltage_set	24	static
../npmx/drivers/src/npmx_charger.c:777:14:npmx_charger_termination_normal_voltage_get	24	static
../npmx/drivers/src/npmx_charger.c:800:14:npmx_charger_termination_warm_voltage_set	24	static
../npmx/drivers/src/npmx_charger.c:815:14:npmx_charger_termination_warm_voltage_get	24	static
../npmx/drivers/src/npmx_charger.c:838:14:npmx_charger_trickle_voltage_set	24	static
../npmx/drivers/src/npmx_charger.c:853:14:npmx_charger_trickle_voltage_get	24	static
../npmx/drivers/src/npmx_charger.c:877:14:npmx_charger_termination_current_set	24	static
../npmx/drivers/src/npmx_charger.c:892:14:npmx_charger_termination_current_get	24	static
../npmx/drivers/src/npmx_charger.c:915:14:npmx_charger_cold_resistance_set	16	static
../npmx/drivers/src/npmx_charger.c:924:14:npmx_charger_cold_resistance_get	16	static
../npmx/drivers/src/npmx_charger.c:933:14:npmx_charger_cool_resistance_set	16	static
../npmx/drivers/src/npmx_charger.c:942:14:npmx_charger_cool_resistance_get	16	static
../npmx/drivers/src/npmx_charger.c:951:14:npmx_charger_warm_resistance_set	16	static
../npmx/drivers/src/npmx_charger.c:960:14:npmx_charger_warm_resistance_get	16	static
../npmx/drivers/src/npmx_charger.c:969:14:npmx_charger_hot_resistance_set	16	static
../npmx/drivers/src/npmx_charger.c:977:14:npmx_charger_hot_resistance_get	16	static
../npmx/drivers/src/npmx_charger.c:986:14:npmx_charger_cold_temperature_set	16	static
../npmx/drivers/src/npmx_charger.c:996:14:npmx_charger_cold_temperature_get	16	static
../npmx/drivers/src/npmx_charger.c:1005:14:npmx_charger_cool_temperature_set	16	static
../npmx/drivers/src/npmx_charger.c:1015:14:npmx_charger_cool_temperature_get	16	static
../npmx/drivers/src/npmx_charger.c:1024:14:npmx_charger_warm_temperature_set	16	static
../npmx/drivers/src/npmx_charger.c:1034:14:npmx_charger_warm_temperature_get	16	static
../npmx/drivers/src/npmx_charger.c:1043:14:npmx_charger_hot_temperature_set	16	static
../npmx/drivers/src/npmx_charger.c:1053:14:npmx_charger_hot_temperature_get	16	static
../npmx/drivers/src/npmx_charger.c:1062:14:npmx_charger_die_temp_stop_set	24	static
../npmx/drivers/src/npmx_charger.c:1088:14:npmx_charger_die_temp_stop_get	24	static
../npmx/drivers/src/npmx_charger.c:1117:14:npmx_charger_die_temp_resume_set	24	static
../npmx/drivers/src/npmx_charger.c:1141:14:npmx_charger_die_temp_resume_get	24	static
../npmx/drivers/src/npmx_charger.c:1171:14:npmx_charger_current_limiter_get	24	static
../npmx/drivers/src/npmx_charger.c:1194:14:npmx_charger_ntc_status_get	16	static
../npmx/drivers/src/npmx_charger.c:1205:14:npmx_charger_die_temp_status_get	24	static
../npmx/drivers/src/npmx_charger.c:1228:14:npmx_charger_status_get	16	static
../npmx/drivers/src/npmx_charger.c:1239:14:npmx_charger_errors_check	32	static
../npmx/drivers/src/npmx_charger.c:1294:14:npmx_charger_warm_disable_set	24	static
../npmx/drivers/src/npmx_charger.c:1309:14:npmx_charger_warm_disable_get	24	static
