Archive member included to satisfy reference by file (symbol)

C:\Users\wech\STM32CubeIDE\workspace_1.19.0\STM_FREERTOS\lib\nrflib_fuel_gauge(libnrf_fuel_gauge__obfuscated.elf)
                              ./Core/Src/fuel_gauge.o (nrf_fuel_gauge_tte_get)
C:/ST/STM32CubeIDE_1.19.0/STM32CubeIDE/plugins/com.st.stm32cube.ide.mcu.externaltools.gnu-tools-for-stm32.13.3.rel1.win32_1.0.0.202411081344/tools/bin/../lib/gcc/arm-none-eabi/13.3.1/../../../../arm-none-eabi/lib/thumb/v7e-m+fp/hard\libc_nano.a(libc_a-exit.o)
                              C:/ST/STM32CubeIDE_1.19.0/STM32CubeIDE/plugins/com.st.stm32cube.ide.mcu.externaltools.gnu-tools-for-stm32.13.3.rel1.win32_1.0.0.202411081344/tools/bin/../lib/gcc/arm-none-eabi/13.3.1/../../../../arm-none-eabi/lib/thumb/v7e-m+fp/hard/crt0.o (exit)
C:/ST/STM32CubeIDE_1.19.0/STM32CubeIDE/plugins/com.st.stm32cube.ide.mcu.externaltools.gnu-tools-for-stm32.13.3.rel1.win32_1.0.0.202411081344/tools/bin/../lib/gcc/arm-none-eabi/13.3.1/../../../../arm-none-eabi/lib/thumb/v7e-m+fp/hard\libc_nano.a(libc_a-nano-vfprintf_float.o)
                              (_printf_float)
C:/ST/STM32CubeIDE_1.19.0/STM32CubeIDE/plugins/com.st.stm32cube.ide.mcu.externaltools.gnu-tools-for-stm32.13.3.rel1.win32_1.0.0.202411081344/tools/bin/../lib/gcc/arm-none-eabi/13.3.1/../../../../arm-none-eabi/lib/thumb/v7e-m+fp/hard\libc_nano.a(libc_a-nano-vfprintf_i.o)
                              C:/ST/STM32CubeIDE_1.19.0/STM32CubeIDE/plugins/com.st.stm32cube.ide.mcu.externaltools.gnu-tools-for-stm32.13.3.rel1.win32_1.0.0.202411081344/tools/bin/../lib/gcc/arm-none-eabi/13.3.1/../../../../arm-none-eabi/lib/thumb/v7e-m+fp/hard\libc_nano.a(libc_a-nano-vfprintf_float.o) (_printf_common)
C:/ST/STM32CubeIDE_1.19.0/STM32CubeIDE/plugins/com.st.stm32cube.ide.mcu.externaltools.gnu-tools-for-stm32.13.3.rel1.win32_1.0.0.202411081344/tools/bin/../lib/gcc/arm-none-eabi/13.3.1/../../../../arm-none-eabi/lib/thumb/v7e-m+fp/hard\libc_nano.a(libc_a-findfp.o)
                              C:/ST/STM32CubeIDE_1.19.0/STM32CubeIDE/plugins/com.st.stm32cube.ide.mcu.externaltools.gnu-tools-for-stm32.13.3.rel1.win32_1.0.0.202411081344/tools/bin/../lib/gcc/arm-none-eabi/13.3.1/../../../../arm-none-eabi/lib/thumb/v7e-m+fp/hard\libc_nano.a(libc_a-exit.o) (__stdio_exit_handler)
C:/ST/STM32CubeIDE_1.19.0/STM32CubeIDE/plugins/com.st.stm32cube.ide.mcu.externaltools.gnu-tools-for-stm32.13.3.rel1.win32_1.0.0.202411081344/tools/bin/../lib/gcc/arm-none-eabi/13.3.1/../../../../arm-none-eabi/lib/thumb/v7e-m+fp/hard\libc_nano.a(libc_a-fwalk.o)
                              C:/ST/STM32CubeIDE_1.19.0/STM32CubeIDE/plugins/com.st.stm32cube.ide.mcu.externaltools.gnu-tools-for-stm32.13.3.rel1.win32_1.0.0.202411081344/tools/bin/../lib/gcc/arm-none-eabi/13.3.1/../../../../arm-none-eabi/lib/thumb/v7e-m+fp/hard\libc_nano.a(libc_a-findfp.o) (_fwalk_sglue)
C:/ST/STM32CubeIDE_1.19.0/STM32CubeIDE/plugins/com.st.stm32cube.ide.mcu.externaltools.gnu-tools-for-stm32.13.3.rel1.win32_1.0.0.202411081344/tools/bin/../lib/gcc/arm-none-eabi/13.3.1/../../../../arm-none-eabi/lib/thumb/v7e-m+fp/hard\libc_nano.a(libc_a-printf.o)
                              ./Core/Src/fuel_gauge.o (printf)
C:/ST/STM32CubeIDE_1.19.0/STM32CubeIDE/plugins/com.st.stm32cube.ide.mcu.externaltools.gnu-tools-for-stm32.13.3.rel1.win32_1.0.0.202411081344/tools/bin/../lib/gcc/arm-none-eabi/13.3.1/../../../../arm-none-eabi/lib/thumb/v7e-m+fp/hard\libc_nano.a(libc_a-puts.o)
                              ./Core/Src/fuel_gauge.o (puts)
C:/ST/STM32CubeIDE_1.19.0/STM32CubeIDE/plugins/com.st.stm32cube.ide.mcu.externaltools.gnu-tools-for-stm32.13.3.rel1.win32_1.0.0.202411081344/tools/bin/../lib/gcc/arm-none-eabi/13.3.1/../../../../arm-none-eabi/lib/thumb/v7e-m+fp/hard\libc_nano.a(libc_a-stdio.o)
                              C:/ST/STM32CubeIDE_1.19.0/STM32CubeIDE/plugins/com.st.stm32cube.ide.mcu.externaltools.gnu-tools-for-stm32.13.3.rel1.win32_1.0.0.202411081344/tools/bin/../lib/gcc/arm-none-eabi/13.3.1/../../../../arm-none-eabi/lib/thumb/v7e-m+fp/hard\libc_nano.a(libc_a-findfp.o) (__sread)
C:/ST/STM32CubeIDE_1.19.0/STM32CubeIDE/plugins/com.st.stm32cube.ide.mcu.externaltools.gnu-tools-for-stm32.13.3.rel1.win32_1.0.0.202411081344/tools/bin/../lib/gcc/arm-none-eabi/13.3.1/../../../../arm-none-eabi/lib/thumb/v7e-m+fp/hard\libc_nano.a(libc_a-wbuf.o)
                              C:/ST/STM32CubeIDE_1.19.0/STM32CubeIDE/plugins/com.st.stm32cube.ide.mcu.externaltools.gnu-tools-for-stm32.13.3.rel1.win32_1.0.0.202411081344/tools/bin/../lib/gcc/arm-none-eabi/13.3.1/../../../../arm-none-eabi/lib/thumb/v7e-m+fp/hard\libc_nano.a(libc_a-puts.o) (__swbuf_r)
C:/ST/STM32CubeIDE_1.19.0/STM32CubeIDE/plugins/com.st.stm32cube.ide.mcu.externaltools.gnu-tools-for-stm32.13.3.rel1.win32_1.0.0.202411081344/tools/bin/../lib/gcc/arm-none-eabi/13.3.1/../../../../arm-none-eabi/lib/thumb/v7e-m+fp/hard\libc_nano.a(libc_a-wsetup.o)
[...]
Memory Configuration

Name             Origin             Length             Attributes
RAM              0x20000000         0x00018000         xrw
FLASH            0x08000000         0x00080000         xr
*default*        0x00000000         0xffffffff

Linker script and memory map

LOAD C:/ST/STM32CubeIDE_1.19.0/STM32CubeIDE/plugins/com.st.stm32cube.ide.mcu.externaltools.gnu-tools-for-stm32.13.3.rel1.win32_1.0.0.202411081344/tools/bin/../lib/gcc/arm-none-eabi/13.3.1/thumb/v7e-m+fp/hard/crti.o
LOAD C:/ST/STM32CubeIDE_1.19.0/STM32CubeIDE/plugins/com.st.stm32cube.ide.mcu.externaltools.gnu-tools-for-stm32.13.3.rel1.win32_1.0.0.202411081344/tools/bin/../lib/gcc/arm-none-eabi/13.3.1/thumb/v7e-m+fp/hard/crtbegin.o
LOAD C:/ST/STM32CubeIDE_1.19.0/STM32CubeIDE/plugins/com.st.stm32cube.ide.mcu.externaltools.gnu-tools-for-stm32.13.3.rel1.win32_1.0.0.202411081344/tools/bin/../lib/gcc/arm-none-eabi/13.3.1/../../../../arm-none-eabi/lib/thumb/v7e-m+fp/hard/crt0.o
LOAD ./Core/Src/freertos.o
LOAD ./Core/Src/fuel_gauge.o
LOAD ./Core/Src/main.o
LOAD ./Core/Src/stm32f4xx_hal_msp.o
LOAD ./Core/Src/stm32f4xx_it.o
LOAD ./Core/Src/syscalls.o
LOAD ./Core/Src/sysmem.o
LOAD ./Core/Src/system_stm32f4xx.o
LOAD ./Core/Startup/startup_stm32f401retx.o
LOAD ./Drivers/STM32F4xx_HAL_Driver/Src/stm32f4xx_hal.o
LOAD ./Drivers/STM32F4xx_HAL_Driver/Src/stm32f4xx_hal_cortex.o
LOAD ./Drivers/STM32F4xx_HAL_Driver/Src/stm32f4xx_hal_dma.o
LOAD ./Drivers/STM32F4xx_HAL_Driver/Src/stm32f4xx_hal_dma_ex.o
LOAD ./Drivers/STM32F4xx_HAL_Driver/Src/stm32f4xx_hal_exti.o
LOAD ./Drivers/STM32F4xx_HAL_Driver/Src/stm32f4xx_hal_flash.o
LOAD ./Drivers/STM32F4xx_HAL_Driver/Src/stm32f4xx_hal_flash_ex.o
LOAD ./Drivers/STM32F4xx_HAL_Driver/Src/stm32f4xx_hal_flash_ramfunc.o
LOAD ./Drivers/STM32F4xx_HAL_Driver/Src/stm32f4xx_hal_gpio.o
LOAD ./Drivers/STM32F4xx_HAL_Driver/Src/stm32f4xx_hal_i2c.o
LOAD ./Drivers/STM32F4xx_HAL_Driver/Src/stm32f4xx_hal_i2c_ex.o
LOAD ./Drivers/STM32F4xx_HAL_Driver/Src/stm32f4xx_hal_pwr.o
LOAD ./Drivers/STM32F4xx_HAL_Driver/Src/stm32f4xx_hal_pwr_ex.o
LOAD ./Drivers/STM32F4xx_HAL_Driver/Src/stm32f4xx_hal_rcc.o
LOAD ./Drivers/STM32F4xx_HAL_Driver/Src/stm32f4xx_hal_rcc_ex.o
LOAD ./Middlewares/Third_Party/FreeRTOS/Source/CMSIS_RTOS_V2/cmsis_os2.o
LOAD ./Middlewares/Third_Party/FreeRTOS/Source/croutine.o
LOAD ./Middlewares/Third_Party/FreeRTOS/Source/event_groups.o
LOAD ./Middlewares/Third_Party/FreeRTOS/Source/list.o
LOAD ./Middlewares/Third_Party/FreeRTOS/Source/queue.o
LOAD ./Middlewares/Third_Party/FreeRTOS/Source/stream_buffer.o
LOAD ./Middlewares/Third_Party/FreeRTOS/Source/tasks.o
LOAD ./Middlewares/Third_Party/FreeRTOS/Source/timers.o
LOAD ./Middlewares/Third_Party/FreeRTOS/Source/portable/GCC/ARM_CM4F/port.o
LOAD ./Middlewares/Third_Party/FreeRTOS/Source/portable/MemMang/heap_4.o
LOAD ./npmx/backends/npmx_backend.o
LOAD ./npmx/drivers/src/npmx_adc.o
LOAD ./npmx/drivers/src/npmx_buck.o
LOAD ./npmx/drivers/src/npmx_charger.o
LOAD ./npmx/drivers/src/npmx_common.o
LOAD ./npmx/drivers/src/npmx_core.o
LOAD ./npmx/drivers/src/npmx_errlog.o
LOAD ./npmx/drivers/src/npmx_gpio.o
LOAD ./npmx/drivers/src/npmx_ldsw.o
LOAD ./npmx/drivers/src/npmx_led.o
LOAD ./npmx/drivers/src/npmx_pof.o
LOAD ./npmx/drivers/src/npmx_ship.o
LOAD ./npmx/drivers/src/npmx_timer.o
LOAD ./npmx/drivers/src/npmx_vbusin.o
LOAD C:\Users\wech\STM32CubeIDE\workspace_1.19.0\STM_FREERTOS\lib\nrflib_fuel_gauge
START GROUP
LOAD C:/ST/STM32CubeIDE_1.19.0/STM32CubeIDE/plugins/com.st.stm32cube.ide.mcu.externaltools.gnu-tools-for-stm32.13.3.rel1.win32_1.0.0.202411081344/tools/bin/../lib/gcc/arm-none-eabi/13.3.1/../../../../arm-none-eabi/lib/thumb/v7e-m+fp/hard\libc_nano.a
LOAD C:/ST/STM32CubeIDE_1.19.0/STM32CubeIDE/plugins/com.st.stm32cube.ide.mcu.externaltools.gnu-tools-for-stm32.13.3.rel1.win32_1.0.0.202411081344/tools/bin/../lib/gcc/arm-none-eabi/13.3.1/../../../../arm-none-eabi/lib/thumb/v7e-m+fp/hard\libm.a
END GROUP
START GROUP
LOAD C:/ST/STM32CubeIDE_1.19.0/STM32CubeIDE/plugins/com.st.stm32cube.ide.mcu.externaltools.gnu-tools-for-stm32.13.3.rel1.win32_1.0.0.202411081344/tools/bin/../lib/gcc/arm-none-eabi/13.3.1/thumb/v7e-m+fp/hard\libgcc.a
LOAD C:/ST/STM32CubeIDE_1.19.0/STM32CubeIDE/plugins/com.st.stm32cube.ide.mcu.externaltools.gnu-tools-for-stm32.13.3.rel1.win32_1.0.0.202411081344/tools/bin/../lib/gcc/arm-none-eabi/13.3.1/../../../../arm-none-eabi/lib/thumb/v7e-m+fp/hard\libc_nano.a
END GROUP
START GROUP
LOAD C:/ST/STM32CubeIDE_1.19.0/STM32CubeIDE/plugins/com.st.stm32cube.ide.mcu.externaltools.gnu-tools-for-stm32.13.3.rel1.win32_1.0.0.202411081344/tools/bin/../lib/gcc/arm-none-eabi/13.3.1/thumb/v7e-m+fp/hard\libgcc.a
LOAD C:/ST/STM32CubeIDE_1.19.0/STM32CubeIDE/plugins/com.st.stm32cube.ide.mcu.externaltools.gnu-tools-for-stm32.13.3.rel1.win32_1.0.0.202411081344/tools/bin/../lib/gcc/arm-none-eabi/13.3.1/../../../../arm-none-eabi/lib/thumb/v7e-m+fp/hard\libc_nano.a
LOAD C:/ST/STM32CubeIDE_1.19.0/STM32CubeIDE/plugins/com.st.stm32cube.ide.mcu.externaltools.gnu-tools-for-stm32.13.3.rel1.win32_1.0.0.202411081344/tools/bin/../lib/gcc/arm-none-eabi/13.3.1/../../../../arm-none-eabi/lib/thumb/v7e-m+fp/hard\libnosys.a
END GROUP
START GROUP
LOAD C:/ST/STM32CubeIDE_1.19.0/STM32CubeIDE/plugins/com.st.stm32cube.ide.mcu.externaltools.gnu-tools-for-stm32.13.3.rel1.win32_1.0.0.202411081344/tools/bin/../lib/gcc/arm-none-eabi/13.3.1/thumb/v7e-m+fp/hard\libgcc.a
LOAD C:/ST/STM32CubeIDE_1.19.0/STM32CubeIDE/plugins/com.st.stm32cube.ide.mcu.externaltools.gnu-tools-for-stm32.13.3.rel1.win32_1.0.0.202411081344/tools/bin/../lib/gcc/arm-none-eabi/13.3.1/../../../../arm-none-eabi/lib/thumb/v7e-m+fp/hard\libc_nano.a
LOAD C:/ST/STM32CubeIDE_1.19.0/STM32CubeIDE/plugins/com.st.stm32cube.ide.mcu.externaltools.gnu-tools-for-stm32.13.3.rel1.win32_1.0.0.202411081344/tools/bin/../lib/gcc/arm-none-eabi/13.3.1/../../../../arm-none-eabi/lib/thumb/v7e-m+fp/hard\libnosys.a
END GROUP
LOAD C:/ST/STM32CubeIDE_1.19.0/STM32CubeIDE/plugins/com.st.stm32cube.ide.mcu.externaltools.gnu-tools-for-stm32.13.3.rel1.win32_1.0.0.202411081344/tools/bin/../lib/gcc/arm-none-eabi/13.3.1/thumb/v7e-m+fp/hard/crtend.o
LOAD C:/ST/STM32CubeIDE_1.19.0/STM32CubeIDE/plugins/com.st.stm32cube.ide.mcu.externaltools.gnu-tools-for-stm32.13.3.rel1.win32_1.0.0.202411081344/tools/bin/../lib/gcc/arm-none-eabi/13.3.1/thumb/v7e-m+fp/hard/crtn.o
                0x20018000                        _estack = (ORIGIN (RAM) + LENGTH (RAM))
                0x00000200                        _Min_Heap_Size = 0x200
                0x00000400                        _Min_Stack_Size = 0x400

.isr_vector     0x08000000      0x194
                0x08000000                        . = ALIGN (0x4)
 *(.isr_vector)
 .isr_vector    0x08000000      0x194 ./Core/Startup/startup_stm32f401retx.o
                0x08000000                g_pfnVectors
                0x08000194                        . = ALIGN (0x4)

.text           0x080001a0     0xdc2c
                0x080001a0                        . = ALIGN (0x4)
 *(.text)
 .text          0x080001a0       0x40 C:/ST/STM32CubeIDE_1.19.0/STM32CubeIDE/plugins/com.st.stm32cube.ide.mcu.externaltools.gnu-tools-for-stm32.13.3.rel1.win32_1.0.0.202411081344/tools/bin/../lib/gcc/arm-none-eabi/13.3.1/thumb/v7e-m+fp/hard/crtbegin.o
 .text          0x080001e0      0x198 C:\Users\wech\STM32CubeIDE\workspace_1.19.0\STM_FREERTOS\lib\nrflib_fuel_gauge(libnrf_fuel_gauge__obfuscated.elf)
                0x080001e0                sym_HYHRMALFDOCBU5AO2424ZY2L4IPCXTKLTMJMV5I
 .text          0x08000378       0x2c C:\Users\wech\STM32CubeIDE\workspace_1.19.0\STM_FREERTOS\lib\nrflib_fuel_gauge(libnrf_fuel_gauge__obfuscated.elf)
                0x08000378                sym_K4LLMH52ZZ7TEYPMY3DQEGQAJHZAHZ6JPMVFPGY
 .text          0x080003a4       0x2c C:\Users\wech\STM32CubeIDE\workspace_1.19.0\STM_FREERTOS\lib\nrflib_fuel_gauge(libnrf_fuel_gauge__obfuscated.elf)
                0x080003a4                sym_AO7E6M6G2Z6VQRVNFBA4IYXQBUP6R7WMISOFCEQ
 .text          0x080003d0      0x198 C:\Users\wech\STM32CubeIDE\workspace_1.19.0\STM_FREERTOS\lib\nrflib_fuel_gauge(libnrf_fuel_gauge__obfuscated.elf)
                0x080003d0                sym_UAZPLDKGPDVQX5TKL77ORD2WLPGOPSZ2NV5YCZI
 .text          0x08000568       0x30 C:\Users\wech\STM32CubeIDE\workspace_1.19.0\STM_FREERTOS\lib\nrflib_fuel_gauge(libnrf_fuel_gauge__obfuscated.elf)
                0x08000568                sym_3UIHQUC7XVAXESSVI5JMOL44XN7QRX6LGJLZCPA
 .text          0x08000598      0x188 C:\Users\wech\STM32CubeIDE\workspace_1.19.0\STM_FREERTOS\lib\nrflib_fuel_gauge(libnrf_fuel_gauge__obfuscated.elf)
                0x08000598                sym_K5CG5MIYXQKZUFVHHYNK62HGJEHHSM7FFJC7JYI
 .text          0x08000720       0x1c C:\Users\wech\STM32CubeIDE\workspace_1.19.0\STM_FREERTOS\lib\nrflib_fuel_gauge(libnrf_fuel_gauge__obfuscated.elf)
                0x08000720                sym_SBD2NVCKYJ3J5NPJP4ABVNYTZBKNTPTXCRZVBFY
 .text          0x0800073c      0x3b0 C:\Users\wech\STM32CubeIDE\workspace_1.19.0\STM_FREERTOS\lib\nrflib_fuel_gauge(libnrf_fuel_gauge__obfuscated.elf)
                0x0800073c                sym_5OPP37WU6XHQMSAL5GW2DIFF6HY5W7NQQYWLB5Y
 .text          0x08000aec      0x10c C:\Users\wech\STM32CubeIDE\workspace_1.19.0\STM_FREERTOS\lib\nrflib_fuel_gauge(libnrf_fuel_gauge__obfuscated.elf)
                0x08000aec                sym_7XQW4RE4A3JLVFL2OP6WK5QVNJ446EJG7FAPPAY
 .text          0x08000bf8       0xb8 C:\Users\wech\STM32CubeIDE\workspace_1.19.0\STM_FREERTOS\lib\nrflib_fuel_gauge(libnrf_fuel_gauge__obfuscated.elf)
                0x08000bf8                sym_OPTO2XH6CI6Y5TL7RRJWOQE3AL2WZINJXFVJHQY
 .text          0x08000cb0     0x111c C:\Users\wech\STM32CubeIDE\workspace_1.19.0\STM_FREERTOS\lib\nrflib_fuel_gauge(libnrf_fuel_gauge__obfuscated.elf)
                0x08000cb0                sym_3KIPDHMQQDERGOPJKAF4KMY7F76E62MKGMWAZYA
 .text          0x08001dcc       0x64 C:\Users\wech\STM32CubeIDE\workspace_1.19.0\STM_FREERTOS\lib\nrflib_fuel_gauge(libnrf_fuel_gauge__obfuscated.elf)
                0x08001dcc                sym_ZYPI4JQCEQGXDLJFOPU5GSQ3XIVTXZC6R4B7OYQ
 .text          0x08001e30       0x64 C:\Users\wech\STM32CubeIDE\workspace_1.19.0\STM_FREERTOS\lib\nrflib_fuel_gauge(libnrf_fuel_gauge__obfuscated.elf)
                0x08001e30                sym_Y7TL3SFWHWSOZBTJCULEIA3LHLTTIAX7EYNM7OQ
 .text          0x08001e94      0x144 C:\Users\wech\STM32CubeIDE\workspace_1.19.0\STM_FREERTOS\lib\nrflib_fuel_gauge(libnrf_fuel_gauge__obfuscated.elf)
                0x08001e94                sym_VUCK7OMFR3K2G3KUBXAK5Q75ZP7EPFZQJQLA7FA
 .text          0x08001fd8        0xc C:\Users\wech\STM32CubeIDE\workspace_1.19.0\STM_FREERTOS\lib\nrflib_fuel_gauge(libnrf_fuel_gauge__obfuscated.elf)
                0x08001fd8                sym_GIZO46X7SARRSJCF26MRQV2I53SNBO2NIWQ52TY
 .text          0x08001fe4       0x1c C:\Users\wech\STM32CubeIDE\workspace_1.19.0\STM_FREERTOS\lib\nrflib_fuel_gauge(libnrf_fuel_gauge__obfuscated.elf)
                0x08001fe4                sym_IIGOMG7JGLSQ4TS65377DCUR25GF54AHS4YY7WY
 .text          0x08002000        0x8 C:\Users\wech\STM32CubeIDE\workspace_1.19.0\STM_FREERTOS\lib\nrflib_fuel_gauge(libnrf_fuel_gauge__obfuscated.elf)
                0x08002000                sym_GUEPXTDH5NNPPR4S7QYQRKNWV6MFZE6WHCAQYTI
 .text          0x08002008      0x1b4 C:\Users\wech\STM32CubeIDE\workspace_1.19.0\STM_FREERTOS\lib\nrflib_fuel_gauge(libnrf_fuel_gauge__obfuscated.elf)
                0x08002008                sym_AG2LBGGSIA77K5XJMD3UV3SBGRW3AIHATLB7FZA
 .text          0x080021bc       0x10 C:\Users\wech\STM32CubeIDE\workspace_1.19.0\STM_FREERTOS\lib\nrflib_fuel_gauge(libnrf_fuel_gauge__obfuscated.elf)
                0x080021bc                nrf_fuel_gauge_state_mark_valid
 .text          0x080021cc       0x18 C:\Users\wech\STM32CubeIDE\workspace_1.19.0\STM_FREERTOS\lib\nrflib_fuel_gauge(libnrf_fuel_gauge__obfuscated.elf)
                0x080021cc                nrf_fuel_gauge_state_check_valid
 .text          0x080021e4       0xd4 C:\Users\wech\STM32CubeIDE\workspace_1.19.0\STM_FREERTOS\lib\nrflib_fuel_gauge(libnrf_fuel_gauge__obfuscated.elf)
                0x080021e4                nrf_fuel_gauge_init
 .text          0x080022b8      0x148 C:\Users\wech\STM32CubeIDE\workspace_1.19.0\STM_FREERTOS\lib\nrflib_fuel_gauge(libnrf_fuel_gauge__obfuscated.elf)
                0x080022b8                nrf_fuel_gauge_process
 .text          0x08002400        0xc C:\Users\wech\STM32CubeIDE\workspace_1.19.0\STM_FREERTOS\lib\nrflib_fuel_gauge(libnrf_fuel_gauge__obfuscated.elf)
                0x08002400                nrf_fuel_gauge_tte_get
 .text          0x0800240c       0x48 C:\Users\wech\STM32CubeIDE\workspace_1.19.0\STM_FREERTOS\lib\nrflib_fuel_gauge(libnrf_fuel_gauge__obfuscated.elf)
                0x0800240c                nrf_fuel_gauge_ttf_get
 .text          0x08002454       0xf8 C:\Users\wech\STM32CubeIDE\workspace_1.19.0\STM_FREERTOS\lib\nrflib_fuel_gauge(libnrf_fuel_gauge__obfuscated.elf)
                0x08002454                nrf_fuel_gauge_ext_state_update
 *fill*         0x0800254c        0x4 
 .text          0x08002550       0xa0 C:/ST/STM32CubeIDE_1.19.0/STM32CubeIDE/plugins/com.st.stm32cube.ide.mcu.externaltools.gnu-tools-for-stm32.13.3.rel1.win32_1.0.0.202411081344/tools/bin/../lib/gcc/arm-none-eabi/13.3.1/../../../../arm-none-eabi/lib/thumb/v7e-m+fp/hard\libc_nano.a(libc_a-memchr.o)
                0x08002550                memchr
 .text          0x080025f0       0x10 C:/ST/STM32CubeIDE_1.19.0/STM32CubeIDE/plugins/com.st.stm32cube.ide.mcu.externaltools.gnu-tools-for-stm32.13.3.rel1.win32_1.0.0.202411081344/tools/bin/../lib/gcc/arm-none-eabi/13.3.1/../../../../arm-none-eabi/lib/thumb/v7e-m+fp/hard\libc_nano.a(libc_a-strlen.o)
                0x080025f0                strlen
 .text          0x08002600      0x378 C:/ST/STM32CubeIDE_1.19.0/STM32CubeIDE/plugins/com.st.stm32cube.ide.mcu.externaltools.gnu-tools-for-stm32.13.3.rel1.win32_1.0.0.202411081344/tools/bin/../lib/gcc/arm-none-eabi/13.3.1/thumb/v7e-m+fp/hard\libgcc.a(_arm_addsubdf3.o)
                0x08002600                __aeabi_drsub
                0x08002608                __aeabi_dsub
                0x08002608                __subdf3
                0x0800260c                __aeabi_dadd
                0x0800260c                __adddf3
                0x08002884                __floatunsidf
                0x08002884                __aeabi_ui2d
                0x080028a4                __floatsidf
                0x080028a4                __aeabi_i2d
                0x080028c8                __aeabi_f2d
                0x080028c8                __extendsfdf2
                0x0800290c                __floatundidf
                0x0800290c                __aeabi_ul2d
                0x0800291c                __floatdidf
                0x0800291c                __aeabi_l2d
 .text          0x08002978      0x424 C:/ST/STM32CubeIDE_1.19.0/STM32CubeIDE/plugins/com.st.stm32cube.ide.mcu.externaltools.gnu-tools-for-stm32.13.3.rel1.win32_1.0.0.202411081344/tools/bin/../lib/gcc/arm-none-eabi/13.3.1/thumb/v7e-m+fp/hard\libgcc.a(_arm_muldivdf3.o)
                0x08002978                __aeabi_dmul
                0x08002978                __muldf3
                0x08002bcc                __divdf3
                0x08002bcc                __aeabi_ddiv
 .text          0x08002d9c      0x110 C:/ST/STM32CubeIDE_1.19.0/STM32CubeIDE/plugins/com.st.stm32cube.ide.mcu.externaltools.gnu-tools-for-stm32.13.3.rel1.win32_1.0.0.202411081344/tools/bin/../lib/gcc/arm-none-eabi/13.3.1/thumb/v7e-m+fp/hard\libgcc.a(_arm_cmpdf2.o)
                0x08002d9c                __gtdf2
                0x08002d9c                __gedf2
                0x08002da4                __ltdf2
                0x08002da4                __ledf2
                0x08002dac                __nedf2
                0x08002dac                __eqdf2
                0x08002dac                __cmpdf2
                0x08002e28                __aeabi_cdrcmple
                0x08002e38                __aeabi_cdcmpeq
                0x08002e38                __aeabi_cdcmple
                0x08002e48                __aeabi_dcmpeq
                0x08002e5c                __aeabi_dcmplt
                0x08002e70                __aeabi_dcmple
                0x08002e84                __aeabi_dcmpge
                0x08002e98                __aeabi_dcmpgt
 .text          0x08002eac       0x2c C:/ST/STM32CubeIDE_1.19.0/STM32CubeIDE/plugins/com.st.stm32cube.ide.mcu.externaltools.gnu-tools-for-stm32.13.3.rel1.win32_1.0.0.202411081344/tools/bin/../lib/gcc/arm-none-eabi/13.3.1/thumb/v7e-m+fp/hard\libgcc.a(_arm_unorddf2.o)
                0x08002eac                __unorddf2
                0x08002eac                __aeabi_dcmpun
 .text          0x08002ed8       0x50 C:/ST/STM32CubeIDE_1.19.0/STM32CubeIDE/plugins/com.st.stm32cube.ide.mcu.externaltools.gnu-tools-for-stm32.13.3.rel1.win32_1.0.0.202411081344/tools/bin/../lib/gcc/arm-none-eabi/13.3.1/thumb/v7e-m+fp/hard\libgcc.a(_arm_fixdfsi.o)
                0x08002ed8                __aeabi_d2iz
                0x08002ed8                __fixdfsi
 .text          0x08002f28       0x30 C:/ST/STM32CubeIDE_1.19.0/STM32CubeIDE/plugins/com.st.stm32cube.ide.mcu.externaltools.gnu-tools-for-stm32.13.3.rel1.win32_1.0.0.202411081344/tools/bin/../lib/gcc/arm-none-eabi/13.3.1/thumb/v7e-m+fp/hard\libgcc.a(_aeabi_uldivmod.o)
                0x08002f28                __aeabi_uldivmod
 .text          0x08002f58      0x2f8 C:/ST/STM32CubeIDE_1.19.0/STM32CubeIDE/plugins/com.st.stm32cube.ide.mcu.externaltools.gnu-tools-for-stm32.13.3.rel1.win32_1.0.0.202411081344/tools/bin/../lib/gcc/arm-none-eabi/13.3.1/thumb/v7e-m+fp/hard\libgcc.a(_udivmoddi4.o)
                0x08002f58                __udivmoddi4
 .text          0x08003250        0x4 C:/ST/STM32CubeIDE_1.19.0/STM32CubeIDE/plugins/com.st.stm32cube.ide.mcu.externaltools.gnu-tools-for-stm32.13.3.rel1.win32_1.0.0.202411081344/tools/bin/../lib/gcc/arm-none-eabi/13.3.1/thumb/v7e-m+fp/hard\libgcc.a(_dvmd_tls.o)
                0x08003250                __aeabi_idiv0
                0x08003250                __aeabi_ldiv0
 *(.text*)
 .text.getDeltatimeTicks
                0x08003254       0x2c ./Core/Src/fuel_gauge.o
                0x08003254                getDeltatimeTicks
 .text.read_pmic
                0x08003280       0xd8 ./Core/Src/fuel_gauge.o
 .text.process_vbus_state
                0x08003358       0x64 ./Core/Src/fuel_gauge.o
 .text.process_charger_state
                0x080033bc       0xc8 ./Core/Src/fuel_gauge.o
 .text.fuel_gauge_init
                0x08003484      0x16c ./Core/Src/fuel_gauge.o
                0x08003484                fuel_gauge_init
 .text.fuel_gauge_update
                0x080035f0      0x144 ./Core/Src/fuel_gauge.o
                0x080035f0                fuel_gauge_update
 .text.my_npmx_initialization_function
                0x08003734       0x40 ./Core/Src/main.o
 .text.main     0x08003774       0x90 ./Core/Src/main.o
                0x08003774                main
 .text.SystemClock_Config
                0x08003804       0xc0 ./Core/Src/main.o
                0x08003804                SystemClock_Config
 .text.MX_I2C1_Init
                0x080038c4       0x5c ./Core/Src/main.o
 .text.MX_GPIO_Init
                0x08003920       0x88 ./Core/Src/main.o
 .text.my_i2c_write_function
                0x080039a8      0x110 ./Core/Src/main.o
 .text.my_i2c_read_function
                0x08003ab8       0x88 ./Core/Src/main.o
 .text.clear_events
                0x08003b40       0x3c ./Core/Src/main.o
                0x08003b40                clear_events
 .text.register_state_change
                0x08003b7c      0x26c ./Core/Src/main.o
 .text.vbus_callback
                0x08003de8       0x48 ./Core/Src/main.o
 .text.adc_callback
                0x08003e30       0x84 ./Core/Src/main.o
 .text.charger_status_callback
                0x08003eb4       0x90 ./Core/Src/main.o
 .text.charger_battery_callback
                0x08003f44       0x36 ./Core/Src/main.o
 *fill*         0x08003f7a        0x2 
 .text.my_pmic_config
                0x08003f7c      0x1b8 ./Core/Src/main.o
                0x08003f7c                my_pmic_config
 .text.HAL_GPIO_EXTI_Callback
                0x08004134       0x34 ./Core/Src/main.o
                0x08004134                HAL_GPIO_EXTI_Callback
 .text.StartTask01
                0x08004168       0x54 ./Core/Src/main.o
                0x08004168                StartTask01
 .text.StartTask02
                0x080041bc       0x20 ./Core/Src/main.o
                0x080041bc                StartTask02
 .text.Error_Handler
                0x080041dc        0xc ./Core/Src/main.o
                0x080041dc                Error_Handler
 .text.HAL_MspInit
                0x080041e8       0x58 ./Core/Src/stm32f4xx_hal_msp.o
                0x080041e8                HAL_MspInit
 .text.HAL_I2C_MspInit
                0x08004240       0x90 ./Core/Src/stm32f4xx_hal_msp.o
                0x08004240                HAL_I2C_MspInit
 .text.NMI_Handler
                0x080042d0        0x8 ./Core/Src/stm32f4xx_it.o
                0x080042d0                NMI_Handler
 .text.HardFault_Handler
                0x080042d8        0x8 ./Core/Src/stm32f4xx_it.o
                0x080042d8                HardFault_Handler
 .text.MemManage_Handler
                0x080042e0        0x8 ./Core/Src/stm32f4xx_it.o
                0x080042e0                MemManage_Handler
 .text.BusFault_Handler
                0x080042e8        0x8 ./Core/Src/stm32f4xx_it.o
                0x080042e8                BusFault_Handler
 .text.UsageFault_Handler
                0x080042f0        0x8 ./Core/Src/stm32f4xx_it.o
                0x080042f0                UsageFault_Handler
 .text.DebugMon_Handler
                0x080042f8        0xe ./Core/Src/stm32f4xx_it.o
                0x080042f8                DebugMon_Handler
 .text.SysTick_Handler
                0x08004306       0x1a ./Core/Src/stm32f4xx_it.o
                0x08004306                SysTick_Handler
 .text.EXTI3_IRQHandler
                0x08004320        0xe ./Core/Src/stm32f4xx_it.o
                0x08004320                EXTI3_IRQHandler
 *fill*         0x0800432e        0x2 
 .text.ITM_SendChar
                0x08004330       0x50 ./Core/Src/syscalls.o
                0x08004330                ITM_SendChar
 .text._getpid  0x08004380       0x10 ./Core/Src/syscalls.o
                0x08004380                _getpid
 .text._kill    0x08004390       0x20 ./Core/Src/syscalls.o
                0x08004390                _kill
 .text._exit    0x080043b0       0x16 ./Core/Src/syscalls.o
                0x080043b0                _exit
 .text._read    0x080043c6       0x3a ./Core/Src/syscalls.o
                0x080043c6                _read
 .text._write   0x08004400       0x38 ./Core/Src/syscalls.o
                0x08004400                _write
 .text._close   0x08004438       0x18 ./Core/Src/syscalls.o
                0x08004438                _close
 .text._fstat   0x08004450       0x20 ./Core/Src/syscalls.o
                0x08004450                _fstat
 .text._isatty  0x08004470       0x16 ./Core/Src/syscalls.o
                0x08004470                _isatty
 .text._lseek   0x08004486       0x1a ./Core/Src/syscalls.o
                0x08004486                _lseek
 .text._sbrk    0x080044a0       0x6c ./Core/Src/sysmem.o
                0x080044a0                _sbrk
 .text.SystemInit
                0x0800450c       0x24 ./Core/Src/system_stm32f4xx.o
                0x0800450c                SystemInit
 .text.Reset_Handler
                0x08004530       0x50 ./Core/Startup/startup_stm32f401retx.o
                0x08004530                Reset_Handler
 .text.Default_Handler
                0x08004580        0x2 ./Core/Startup/startup_stm32f401retx.o
                0x08004580                RTC_Alarm_IRQHandler
                0x08004580                EXTI2_IRQHandler
                0x08004580                SPI4_IRQHandler
                0x08004580                TIM1_CC_IRQHandler
                0x08004580                DMA2_Stream5_IRQHandler
                0x08004580                DMA1_Stream5_IRQHandler
                0x08004580                PVD_IRQHandler
                0x08004580                SDIO_IRQHandler
                0x08004580                TAMP_STAMP_IRQHandler
                0x08004580                TIM1_UP_TIM10_IRQHandler
                0x08004580                I2C3_ER_IRQHandler
                0x08004580                EXTI0_IRQHandler
                0x08004580                I2C2_EV_IRQHandler
                0x08004580                DMA1_Stream2_IRQHandler
                0x08004580                FPU_IRQHandler
                0x08004580                DMA2_Stream2_IRQHandler
                0x08004580                SPI1_IRQHandler
                0x08004580                TIM1_BRK_TIM9_IRQHandler
                0x08004580                DMA2_Stream3_IRQHandler
                0x08004580                USART6_IRQHandler
                0x08004580                DMA2_Stream0_IRQHandler
                0x08004580                TIM4_IRQHandler
                0x08004580                I2C1_EV_IRQHandler
                0x08004580                DMA1_Stream6_IRQHandler
                0x08004580                DMA1_Stream1_IRQHandler
                0x08004580                TIM3_IRQHandler
                0x08004580                RCC_IRQHandler
                0x08004580                Default_Handler
                0x08004580                EXTI15_10_IRQHandler
                0x08004580                ADC_IRQHandler
                0x08004580                DMA1_Stream7_IRQHandler
                0x08004580                TIM5_IRQHandler
                0x08004580                DMA2_Stream7_IRQHandler
                0x08004580                I2C3_EV_IRQHandler
                0x08004580                EXTI9_5_IRQHandler
                0x08004580                RTC_WKUP_IRQHandler
                0x08004580                SPI2_IRQHandler
                0x08004580                DMA1_Stream0_IRQHandler
                0x08004580                EXTI4_IRQHandler
                0x08004580                WWDG_IRQHandler
                0x08004580                TIM2_IRQHandler
                0x08004580                OTG_FS_WKUP_IRQHandler
                0x08004580                TIM1_TRG_COM_TIM11_IRQHandler
                0x08004580                EXTI1_IRQHandler
                0x08004580                USART2_IRQHandler
                0x08004580                I2C2_ER_IRQHandler
                0x08004580                DMA2_Stream1_IRQHandler
                0x08004580                FLASH_IRQHandler
                0x08004580                DMA2_Stream4_IRQHandler
                0x08004580                USART1_IRQHandler
                0x08004580                OTG_FS_IRQHandler
                0x08004580                SPI3_IRQHandler
                0x08004580                DMA1_Stream4_IRQHandler
                0x08004580                I2C1_ER_IRQHandler
                0x08004580                DMA2_Stream6_IRQHandler
                0x08004580                DMA1_Stream3_IRQHandler
 *fill*         0x08004582        0x2 
 .text.HAL_Init
                0x08004584       0x44 ./Drivers/STM32F4xx_HAL_Driver/Src/stm32f4xx_hal.o
                0x08004584                HAL_Init
 .text.HAL_InitTick
                0x080045c8       0x60 ./Drivers/STM32F4xx_HAL_Driver/Src/stm32f4xx_hal.o
                0x080045c8                HAL_InitTick
 .text.HAL_IncTick
                0x08004628       0x28 ./Drivers/STM32F4xx_HAL_Driver/Src/stm32f4xx_hal.o
                0x08004628                HAL_IncTick
 .text.HAL_GetTick
                0x08004650       0x18 ./Drivers/STM32F4xx_HAL_Driver/Src/stm32f4xx_hal.o
                0x08004650                HAL_GetTick
 .text.__NVIC_SetPriorityGrouping
                0x08004668       0x48 ./Drivers/STM32F4xx_HAL_Driver/Src/stm32f4xx_hal_cortex.o
 .text.__NVIC_GetPriorityGrouping
                0x080046b0       0x1c ./Drivers/STM32F4xx_HAL_Driver/Src/stm32f4xx_hal_cortex.o
 .text.__NVIC_EnableIRQ
                0x080046cc       0x3c ./Drivers/STM32F4xx_HAL_Driver/Src/stm32f4xx_hal_cortex.o
 .text.__NVIC_DisableIRQ
                0x08004708       0x48 ./Drivers/STM32F4xx_HAL_Driver/Src/stm32f4xx_hal_cortex.o
 .text.__NVIC_SetPriority
                0x08004750       0x54 ./Drivers/STM32F4xx_HAL_Driver/Src/stm32f4xx_hal_cortex.o
 .text.NVIC_EncodePriority
                0x080047a4       0x66 ./Drivers/STM32F4xx_HAL_Driver/Src/stm32f4xx_hal_cortex.o
 *fill*         0x0800480a        0x2 
 .text.SysTick_Config
                0x0800480c       0x44 ./Drivers/STM32F4xx_HAL_Driver/Src/stm32f4xx_hal_cortex.o
 .text.HAL_NVIC_SetPriorityGrouping
                0x08004850       0x16 ./Drivers/STM32F4xx_HAL_Driver/Src/stm32f4xx_hal_cortex.o
                0x08004850                HAL_NVIC_SetPriorityGrouping
 .text.HAL_NVIC_SetPriority
                0x08004866       0x38 ./Drivers/STM32F4xx_HAL_Driver/Src/stm32f4xx_hal_cortex.o
                0x08004866                HAL_NVIC_SetPriority
 .text.HAL_NVIC_EnableIRQ
                0x0800489e       0x1c ./Drivers/STM32F4xx_HAL_Driver/Src/stm32f4xx_hal_cortex.o
                0x0800489e                HAL_NVIC_EnableIRQ
 .text.HAL_NVIC_DisableIRQ
                0x080048ba       0x1c ./Drivers/STM32F4xx_HAL_Driver/Src/stm32f4xx_hal_cortex.o
                0x080048ba                HAL_NVIC_DisableIRQ
 .text.HAL_SYSTICK_Config
                0x080048d6       0x18 ./Drivers/STM32F4xx_HAL_Driver/Src/stm32f4xx_hal_cortex.o
                0x080048d6                HAL_SYSTICK_Config
 *fill*         0x080048ee        0x2 
 .text.HAL_GPIO_Init
                0x080048f0      0x308 ./Drivers/STM32F4xx_HAL_Driver/Src/stm32f4xx_hal_gpio.o
                0x080048f0                HAL_GPIO_Init
 .text.HAL_GPIO_EXTI_IRQHandler
                0x08004bf8       0x30 ./Drivers/STM32F4xx_HAL_Driver/Src/stm32f4xx_hal_gpio.o
                0x08004bf8                HAL_GPIO_EXTI_IRQHandler
 .text.HAL_I2C_Init
                0x08004c28      0x288 ./Drivers/STM32F4xx_HAL_Driver/Src/stm32f4xx_hal_i2c.o
                0x08004c28                HAL_I2C_Init
 .text.HAL_I2C_Master_Transmit
                0x08004eb0      0x1fc ./Drivers/STM32F4xx_HAL_Driver/Src/stm32f4xx_hal_i2c.o
                0x08004eb0                HAL_I2C_Master_Transmit
 .text.HAL_I2C_Master_Receive
                0x080050ac      0x464 ./Drivers/STM32F4xx_HAL_Driver/Src/stm32f4xx_hal_i2c.o
                0x080050ac                HAL_I2C_Master_Receive
 .text.I2C_MasterRequestWrite
                0x08005510      0x104 ./Drivers/STM32F4xx_HAL_Driver/Src/stm32f4xx_hal_i2c.o
 .text.I2C_MasterRequestRead
                0x08005614      0x19c ./Drivers/STM32F4xx_HAL_Driver/Src/stm32f4xx_hal_i2c.o
 .text.I2C_WaitOnFlagUntilTimeout
                0x080057b0       0xf4 ./Drivers/STM32F4xx_HAL_Driver/Src/stm32f4xx_hal_i2c.o
 .text.I2C_WaitOnMasterAddressFlagUntilTimeout
                0x080058a4      0x140 ./Drivers/STM32F4xx_HAL_Driver/Src/stm32f4xx_hal_i2c.o
 .text.I2C_WaitOnTXEFlagUntilTimeout
                0x080059e4       0x90 ./Drivers/STM32F4xx_HAL_Driver/Src/stm32f4xx_hal_i2c.o
 .text.I2C_WaitOnBTFFlagUntilTimeout
                0x08005a74       0x90 ./Drivers/STM32F4xx_HAL_Driver/Src/stm32f4xx_hal_i2c.o
 .text.I2C_WaitOnRXNEFlagUntilTimeout
                0x08005b04       0xba ./Drivers/STM32F4xx_HAL_Driver/Src/stm32f4xx_hal_i2c.o
 .text.I2C_IsAcknowledgeFailed
                0x08005bbe       0x5e ./Drivers/STM32F4xx_HAL_Driver/Src/stm32f4xx_hal_i2c.o
 .text.HAL_RCC_OscConfig
                0x08005c1c      0x4f0 ./Drivers/STM32F4xx_HAL_Driver/Src/stm32f4xx_hal_rcc.o
                0x08005c1c                HAL_RCC_OscConfig
 .text.HAL_RCC_ClockConfig
                0x0800610c      0x1cc ./Drivers/STM32F4xx_HAL_Driver/Src/stm32f4xx_hal_rcc.o
                0x0800610c                HAL_RCC_ClockConfig
 .text.HAL_RCC_GetSysClockFreq
                0x080062d8      0x18c ./Drivers/STM32F4xx_HAL_Driver/Src/stm32f4xx_hal_rcc.o
                0x080062d8                HAL_RCC_GetSysClockFreq
 .text.HAL_RCC_GetHCLKFreq
                0x08006464       0x18 ./Drivers/STM32F4xx_HAL_Driver/Src/stm32f4xx_hal_rcc.o
                0x08006464                HAL_RCC_GetHCLKFreq
 .text.HAL_RCC_GetPCLK1Freq
                0x0800647c       0x28 ./Drivers/STM32F4xx_HAL_Driver/Src/stm32f4xx_hal_rcc.o
                0x0800647c                HAL_RCC_GetPCLK1Freq
 .text.__NVIC_SetPriority
                0x080064a4       0x54 ./Middlewares/Third_Party/FreeRTOS/Source/CMSIS_RTOS_V2/cmsis_os2.o
 .text.SVC_Setup
                0x080064f8       0x12 ./Middlewares/Third_Party/FreeRTOS/Source/CMSIS_RTOS_V2/cmsis_os2.o
 *fill*         0x0800650a        0x2 
 .text.osKernelInitialize
                0x0800650c       0x48 ./Middlewares/Third_Party/FreeRTOS/Source/CMSIS_RTOS_V2/cmsis_os2.o
                0x0800650c                osKernelInitialize
 .text.osKernelStart
                0x08006554       0x4c ./Middlewares/Third_Party/FreeRTOS/Source/CMSIS_RTOS_V2/cmsis_os2.o
                0x08006554                osKernelStart
 .text.osThreadNew
                0x080065a0      0x124 ./Middlewares/Third_Party/FreeRTOS/Source/CMSIS_RTOS_V2/cmsis_os2.o
                0x080065a0                osThreadNew
 .text.osDelay  0x080066c4       0x36 ./Middlewares/Third_Party/FreeRTOS/Source/CMSIS_RTOS_V2/cmsis_os2.o
                0x080066c4                osDelay
 *fill*         0x080066fa        0x2 
 .text.vApplicationGetIdleTaskMemory
                0x080066fc       0x34 ./Middlewares/Third_Party/FreeRTOS/Source/CMSIS_RTOS_V2/cmsis_os2.o
                0x080066fc                vApplicationGetIdleTaskMemory
 .text.vApplicationGetTimerTaskMemory
                0x08006730       0x34 ./Middlewares/Third_Party/FreeRTOS/Source/CMSIS_RTOS_V2/cmsis_os2.o
                0x08006730                vApplicationGetTimerTaskMemory
 .text.vListInitialise
                0x08006764       0x40 ./Middlewares/Third_Party/FreeRTOS/Source/list.o
                0x08006764                vListInitialise
 .text.vListInitialiseItem
                0x080067a4       0x1a ./Middlewares/Third_Party/FreeRTOS/Source/list.o
                0x080067a4                vListInitialiseItem
 .text.vListInsertEnd
                0x080067be       0x48 ./Middlewares/Third_Party/FreeRTOS/Source/list.o
                0x080067be                vListInsertEnd
 .text.vListInsert
                0x08006806       0x72 ./Middlewares/Third_Party/FreeRTOS/Source/list.o
                0x08006806                vListInsert
 .text.uxListRemove
                0x08006878       0x54 ./Middlewares/Third_Party/FreeRTOS/Source/list.o
                0x08006878                uxListRemove
 .text.xQueueGenericReset
                0x080068cc       0xd4 ./Middlewares/Third_Party/FreeRTOS/Source/queue.o
                0x080068cc                xQueueGenericReset
 .text.xQueueGenericCreateStatic
                0x080069a0       0xfa ./Middlewares/Third_Party/FreeRTOS/Source/queue.o
                0x080069a0                xQueueGenericCreateStatic
 .text.prvInitialiseNewQueue
                0x08006a9a       0x46 ./Middlewares/Third_Party/FreeRTOS/Source/queue.o
 .text.xQueueGenericSend
                0x08006ae0      0x204 ./Middlewares/Third_Party/FreeRTOS/Source/queue.o
                0x08006ae0                xQueueGenericSend
 .text.xQueueGenericSendFromISR
                0x08006ce4      0x13c ./Middlewares/Third_Party/FreeRTOS/Source/queue.o
                0x08006ce4                xQueueGenericSendFromISR
 .text.xQueueReceive
                0x08006e20      0x1c4 ./Middlewares/Third_Party/FreeRTOS/Source/queue.o
                0x08006e20                xQueueReceive
 .text.prvCopyDataToQueue
                0x08006fe4       0xd4 ./Middlewares/Third_Party/FreeRTOS/Source/queue.o
 .text.prvCopyDataFromQueue
                0x080070b8       0x4c ./Middlewares/Third_Party/FreeRTOS/Source/queue.o
 .text.prvUnlockQueue
                0x08007104       0xa4 ./Middlewares/Third_Party/FreeRTOS/Source/queue.o
 .text.prvIsQueueEmpty
                0x080071a8       0x2c ./Middlewares/Third_Party/FreeRTOS/Source/queue.o
 .text.prvIsQueueFull
                0x080071d4       0x30 ./Middlewares/Third_Party/FreeRTOS/Source/queue.o
 .text.vQueueAddToRegistry
                0x08007204       0x54 ./Middlewares/Third_Party/FreeRTOS/Source/queue.o
                0x08007204                vQueueAddToRegistry
 .text.vQueueWaitForMessageRestricted
                0x08007258       0x68 ./Middlewares/Third_Party/FreeRTOS/Source/queue.o
                0x08007258                vQueueWaitForMessageRestricted
 .text.xTaskCreateStatic
                0x080072c0       0xc0 ./Middlewares/Third_Party/FreeRTOS/Source/tasks.o
                0x080072c0                xTaskCreateStatic
 .text.xTaskCreate
                0x08007380       0x8a ./Middlewares/Third_Party/FreeRTOS/Source/tasks.o
                0x08007380                xTaskCreate
 .text.prvInitialiseNewTask
                0x0800740a      0x120 ./Middlewares/Third_Party/FreeRTOS/Source/tasks.o
 *fill*         0x0800752a        0x2 
 .text.prvAddNewTaskToReadyList
                0x0800752c       0xe0 ./Middlewares/Third_Party/FreeRTOS/Source/tasks.o
 .text.vTaskDelay
                0x0800760c       0x6c ./Middlewares/Third_Party/FreeRTOS/Source/tasks.o
                0x0800760c                vTaskDelay
 .text.vTaskStartScheduler
                0x08007678       0xd0 ./Middlewares/Third_Party/FreeRTOS/Source/tasks.o
                0x08007678                vTaskStartScheduler
 .text.vTaskSuspendAll
                0x08007748       0x1c ./Middlewares/Third_Party/FreeRTOS/Source/tasks.o
                0x08007748                vTaskSuspendAll
 .text.xTaskResumeAll
                0x08007764      0x13c ./Middlewares/Third_Party/FreeRTOS/Source/tasks.o
                0x08007764                xTaskResumeAll
 .text.xTaskGetTickCount
                0x080078a0       0x20 ./Middlewares/Third_Party/FreeRTOS/Source/tasks.o
                0x080078a0                xTaskGetTickCount
 .text.xTaskIncrementTick
                0x080078c0      0x174 ./Middlewares/Third_Party/FreeRTOS/Source/tasks.o
                0x080078c0                xTaskIncrementTick
 .text.vTaskSwitchContext
                0x08007a34       0xbc ./Middlewares/Third_Party/FreeRTOS/Source/tasks.o
                0x08007a34                vTaskSwitchContext
 .text.vTaskPlaceOnEventList
                0x08007af0       0x4c ./Middlewares/Third_Party/FreeRTOS/Source/tasks.o
                0x08007af0                vTaskPlaceOnEventList
 .text.vTaskPlaceOnEventListRestricted
                0x08007b3c       0x58 ./Middlewares/Third_Party/FreeRTOS/Source/tasks.o
                0x08007b3c                vTaskPlaceOnEventListRestricted
 .text.xTaskRemoveFromEventList
                0x08007b94       0xc8 ./Middlewares/Third_Party/FreeRTOS/Source/tasks.o
                0x08007b94                xTaskRemoveFromEventList
 .text.vTaskInternalSetTimeOutState
                0x08007c5c       0x2c ./Middlewares/Third_Party/FreeRTOS/Source/tasks.o
                0x08007c5c                vTaskInternalSetTimeOutState
 .text.xTaskCheckForTimeOut
                0x08007c88       0xc8 ./Middlewares/Third_Party/FreeRTOS/Source/tasks.o
                0x08007c88                xTaskCheckForTimeOut
 .text.vTaskMissedYield
                0x08007d50       0x18 ./Middlewares/Third_Party/FreeRTOS/Source/tasks.o
                0x08007d50                vTaskMissedYield
 .text.prvIdleTask
                0x08007d68       0x30 ./Middlewares/Third_Party/FreeRTOS/Source/tasks.o
 .text.prvInitialiseTaskLists
                0x08007d98       0x80 ./Middlewares/Third_Party/FreeRTOS/Source/tasks.o
 .text.prvCheckTasksWaitingTermination
                0x08007e18       0x5c ./Middlewares/Third_Party/FreeRTOS/Source/tasks.o
 .text.prvDeleteTCB
                0x08007e74       0x60 ./Middlewares/Third_Party/FreeRTOS/Source/tasks.o
 .text.prvResetNextTaskUnblockTime
                0x08007ed4       0x40 ./Middlewares/Third_Party/FreeRTOS/Source/tasks.o
 .text.xTaskGetSchedulerState
                0x08007f14       0x3c ./Middlewares/Third_Party/FreeRTOS/Source/tasks.o
                0x08007f14                xTaskGetSchedulerState
 .text.xTaskPriorityDisinherit
                0x08007f50       0xe0 ./Middlewares/Third_Party/FreeRTOS/Source/tasks.o
                0x08007f50                xTaskPriorityDisinherit
 .text.prvAddCurrentTaskToDelayedList
                0x08008030       0xa8 ./Middlewares/Third_Party/FreeRTOS/Source/tasks.o
 .text.xTimerCreateTimerTask
                0x080080d8       0x94 ./Middlewares/Third_Party/FreeRTOS/Source/timers.o
                0x080080d8                xTimerCreateTimerTask
 .text.xTimerGenericCommand
                0x0800816c       0x9c ./Middlewares/Third_Party/FreeRTOS/Source/timers.o
                0x0800816c                xTimerGenericCommand
 .text.prvProcessExpiredTimer
                0x08008208       0x9c ./Middlewares/Third_Party/FreeRTOS/Source/timers.o
 .text.prvTimerTask
                0x080082a4       0x26 ./Middlewares/Third_Party/FreeRTOS/Source/timers.o
 *fill*         0x080082ca        0x2 
 .text.prvProcessTimerOrBlockTask
                0x080082cc       0x9c ./Middlewares/Third_Party/FreeRTOS/Source/timers.o
 .text.prvGetNextExpireTime
                0x08008368       0x48 ./Middlewares/Third_Party/FreeRTOS/Source/timers.o
 .text.prvSampleTimeNow
                0x080083b0       0x40 ./Middlewares/Third_Party/FreeRTOS/Source/timers.o
 .text.prvInsertTimerInActiveList
                0x080083f0       0x84 ./Middlewares/Third_Party/FreeRTOS/Source/timers.o
 .text.prvProcessReceivedCommands
                0x08008474      0x1cc ./Middlewares/Third_Party/FreeRTOS/Source/timers.o
 .text.prvSwitchTimerLists
                0x08008640       0xcc ./Middlewares/Third_Party/FreeRTOS/Source/timers.o
 .text.prvCheckForValidListAndQueue
                0x0800870c       0x80 ./Middlewares/Third_Party/FreeRTOS/Source/timers.o
 .text.pxPortInitialiseStack
                0x0800878c       0x68 ./Middlewares/Third_Party/FreeRTOS/Source/portable/GCC/ARM_CM4F/port.o
                0x0800878c                pxPortInitialiseStack
 .text.prvTaskExitError
                0x080087f4       0x5c ./Middlewares/Third_Party/FreeRTOS/Source/portable/GCC/ARM_CM4F/port.o
 .text.SVC_Handler
                0x08008850       0x28 ./Middlewares/Third_Party/FreeRTOS/Source/portable/GCC/ARM_CM4F/port.o
                0x08008850                SVC_Handler
 .text.prvPortStartFirstTask
                0x08008878       0x28 ./Middlewares/Third_Party/FreeRTOS/Source/portable/GCC/ARM_CM4F/port.o
 .text.xPortStartScheduler
                0x080088a0      0x148 ./Middlewares/Third_Party/FreeRTOS/Source/portable/GCC/ARM_CM4F/port.o
                0x080088a0                xPortStartScheduler
 .text.vPortEnterCritical
                0x080089e8       0x64 ./Middlewares/Third_Party/FreeRTOS/Source/portable/GCC/ARM_CM4F/port.o
                0x080089e8                vPortEnterCritical
 .text.vPortExitCritical
                0x08008a4c       0x54 ./Middlewares/Third_Party/FreeRTOS/Source/portable/GCC/ARM_CM4F/port.o
                0x08008a4c                vPortExitCritical
 .text.PendSV_Handler
                0x08008aa0       0x68 ./Middlewares/Third_Party/FreeRTOS/Source/portable/GCC/ARM_CM4F/port.o
                0x08008aa0                PendSV_Handler
 .text.xPortSysTickHandler
                0x08008b08       0x44 ./Middlewares/Third_Party/FreeRTOS/Source/portable/GCC/ARM_CM4F/port.o
                0x08008b08                xPortSysTickHandler
 .text.vPortSetupTimerInterrupt
                0x08008b4c       0x48 ./Middlewares/Third_Party/FreeRTOS/Source/portable/GCC/ARM_CM4F/port.o
                0x08008b4c                vPortSetupTimerInterrupt
 .text.vPortEnableVFP
                0x08008b94       0x14 ./Middlewares/Third_Party/FreeRTOS/Source/portable/GCC/ARM_CM4F/port.o
 .text.vPortValidateInterruptPriority
                0x08008ba8       0x84 ./Middlewares/Third_Party/FreeRTOS/Source/portable/GCC/ARM_CM4F/port.o
                0x08008ba8                vPortValidateInterruptPriority
 .text.pvPortMalloc
                0x08008c2c      0x19c ./Middlewares/Third_Party/FreeRTOS/Source/portable/MemMang/heap_4.o
                0x08008c2c                pvPortMalloc
 .text.vPortFree
                0x08008dc8       0xc8 ./Middlewares/Third_Party/FreeRTOS/Source/portable/MemMang/heap_4.o
                0x08008dc8                vPortFree
 .text.prvHeapInit
                0x08008e90       0xc4 ./Middlewares/Third_Party/FreeRTOS/Source/portable/MemMang/heap_4.o
 .text.prvInsertBlockIntoFreeList
                0x08008f54       0xb4 ./Middlewares/Third_Party/FreeRTOS/Source/portable/MemMang/heap_4.o
 .text.npmx_backend_register_write
                0x08009008       0x28 ./npmx/backends/npmx_backend.o
                0x08009008                npmx_backend_register_write
 .text.npmx_backend_register_read
                0x08009030       0x28 ./npmx/backends/npmx_backend.o
                0x08009030                npmx_backend_register_read
 .text.task_trigger
                0x08009058       0x38 ./npmx/drivers/src/npmx_adc.o
 .text.msb_register_address_get
                0x08009090       0x20 ./npmx/drivers/src/npmx_adc.o
 .text.msb_register_offset_get
                0x080090b0       0x1e ./npmx/drivers/src/npmx_adc.o
 *fill*         0x080090ce        0x2 
 .text.lsb_register_address_get
                0x080090d0       0x20 ./npmx/drivers/src/npmx_adc.o
 .text.lsb_register_offset_get
                0x080090f0       0x1e ./npmx/drivers/src/npmx_adc.o
 *fill*         0x0800910e        0x2 
 .text.lsb_mask_get
                0x08009110       0x20 ./npmx/drivers/src/npmx_adc.o
 .text.lsb_position_get
                0x08009130       0x20 ./npmx/drivers/src/npmx_adc.o
 .text.code_to_vbat
                0x08009150       0x44 ./npmx/drivers/src/npmx_adc.o
 .text.ntc_get  0x08009194       0x44 ./npmx/drivers/src/npmx_adc.o
 .text.adc_ibat_meas_status_get
                0x080091d8       0xc4 ./npmx/drivers/src/npmx_adc.o
 .text.code_to_bat_temp
                0x0800929c       0xbc ./npmx/drivers/src/npmx_adc.o
 .text.code_to_die_temp
                0x08009358       0x40 ./npmx/drivers/src/npmx_adc.o
 .text.code_to_vsys
                0x08009398       0x44 ./npmx/drivers/src/npmx_adc.o
 .text.code_to_vbus
                0x080093dc       0x44 ./npmx/drivers/src/npmx_adc.o
 .text.code_to_ibat
                0x08009420       0x98 ./npmx/drivers/src/npmx_adc.o
 .text.code_to_value
                0x080094b8       0x68 ./npmx/drivers/src/npmx_adc.o
 .text.npmx_adc_get
                0x08009520       0x28 ./npmx/drivers/src/npmx_adc.o
                0x08009520                npmx_adc_get
 .text.npmx_adc_task_trigger
                0x08009548       0x20 ./npmx/drivers/src/npmx_adc.o
                0x08009548                npmx_adc_task_trigger
 .text.npmx_adc_config_set
                0x08009568       0x84 ./npmx/drivers/src/npmx_adc.o
                0x08009568                npmx_adc_config_set
 .text.npmx_adc_config_get
                0x080095ec       0x6c ./npmx/drivers/src/npmx_adc.o
                0x080095ec                npmx_adc_config_get
 .text.npmx_adc_ntc_config_set
                0x08009658       0xb8 ./npmx/drivers/src/npmx_adc.o
                0x08009658                npmx_adc_ntc_config_set
 .text.npmx_adc_ntc_config_get
                0x08009710       0x90 ./npmx/drivers/src/npmx_adc.o
                0x08009710                npmx_adc_ntc_config_get
 .text.npmx_adc_meas_get
                0x080097a0       0xac ./npmx/drivers/src/npmx_adc.o
                0x080097a0                npmx_adc_meas_get
 .text.npmx_adc_meas_all_get
                0x0800984c       0xd8 ./npmx/drivers/src/npmx_adc.o
                0x0800984c                npmx_adc_meas_all_get
 .text.npmx_adc_ibat_meas_enable_set
                0x08009924       0x38 ./npmx/drivers/src/npmx_adc.o
                0x08009924                npmx_adc_ibat_meas_enable_set
 .text.task_trigger
                0x0800995c       0x44 ./npmx/drivers/src/npmx_buck.o
 .text.pwm_enable_set
                0x080099a0       0x2a ./npmx/drivers/src/npmx_buck.o
 *fill*         0x080099ca        0x2 
 .text.pfm_enable_set
                0x080099cc       0xb0 ./npmx/drivers/src/npmx_buck.o
 .text.npmx_buck_get
                0x08009a7c       0x24 ./npmx/drivers/src/npmx_buck.o
                0x08009a7c                npmx_buck_get
 .text.npmx_buck_converter_mode_set
                0x08009aa0       0x50 ./npmx/drivers/src/npmx_buck.o
                0x08009aa0                npmx_buck_converter_mode_set
 .text.npmx_buck_normal_voltage_set
                0x08009af0       0x40 ./npmx/drivers/src/npmx_buck.o
                0x08009af0                npmx_buck_normal_voltage_set
 .text.task_trigger
                0x08009b30       0x38 ./npmx/drivers/src/npmx_charger.o
 .text.npmx_charger_get
                0x08009b68       0x2a ./npmx/drivers/src/npmx_charger.o
                0x08009b68                npmx_charger_get
 .text.npmx_charger_voltage_convert
                0x08009b92      0x156 ./npmx/drivers/src/npmx_charger.o
                0x08009b92                npmx_charger_voltage_convert
 .text.npmx_charger_iterm_convert_to_pct
                0x08009ce8       0x3a ./npmx/drivers/src/npmx_charger.o
                0x08009ce8                npmx_charger_iterm_convert_to_pct
 *fill*         0x08009d22        0x2 
 .text.npmx_charger_module_enable_set
                0x08009d24       0x84 ./npmx/drivers/src/npmx_charger.o
                0x08009d24                npmx_charger_module_enable_set
 .text.npmx_charger_module_disable_set
                0x08009da8       0x84 ./npmx/drivers/src/npmx_charger.o
                0x08009da8                npmx_charger_module_disable_set
 .text.npmx_charger_charging_current_set
                0x08009e2c       0x8c ./npmx/drivers/src/npmx_charger.o
                0x08009e2c                npmx_charger_charging_current_set
 .text.npmx_charger_charging_current_get
                0x08009eb8       0x60 ./npmx/drivers/src/npmx_charger.o
                0x08009eb8                npmx_charger_charging_current_get
 .text.npmx_charger_discharging_current_set
                0x08009f18       0xa8 ./npmx/drivers/src/npmx_charger.o
                0x08009f18                npmx_charger_discharging_current_set
 .text.npmx_charger_discharging_current_get
                0x08009fc0       0xa4 ./npmx/drivers/src/npmx_charger.o
                0x08009fc0                npmx_charger_discharging_current_get
 .text.npmx_charger_termination_normal_voltage_set
                0x0800a064       0x34 ./npmx/drivers/src/npmx_charger.o
                0x0800a064                npmx_charger_termination_normal_voltage_set
 .text.npmx_charger_termination_warm_voltage_set
                0x0800a098       0x34 ./npmx/drivers/src/npmx_charger.o
                0x0800a098                npmx_charger_termination_warm_voltage_set
 .text.npmx_charger_termination_current_get
                0x0800a0cc       0x44 ./npmx/drivers/src/npmx_charger.o
                0x0800a0cc                npmx_charger_termination_current_get
 .text.npmx_charger_status_get
                0x0800a110       0x26 ./npmx/drivers/src/npmx_charger.o
                0x0800a110                npmx_charger_status_get
 *fill*         0x0800a136        0x2 
 .text.npmx_charger_errors_check
                0x0800a138       0xf0 ./npmx/drivers/src/npmx_charger.o
                0x0800a138                npmx_charger_errors_check
 .text.npmx_common_div_round_closest
                0x0800a228       0x4c ./npmx/drivers/src/npmx_common.o
                0x0800a228                npmx_common_div_round_closest
 .text.npmx_common_ln_get
                0x0800a274       0x9c ./npmx/drivers/src/npmx_common.o
                0x0800a274                npmx_common_ln_get
 .text.event_callback_get
                0x0800a310       0x20 ./npmx/drivers/src/npmx_core.o
 .text.event_set_register_get
                0x0800a330       0x20 ./npmx/drivers/src/npmx_core.o
 .text.event_irq_enable_register_get
                0x0800a350       0x1c ./npmx/drivers/src/npmx_core.o
 .text.event_irq_disable_register_get
                0x0800a36c       0x1c ./npmx/drivers/src/npmx_core.o
 .text.event_clear_register_get
                0x0800a388       0x1c ./npmx/drivers/src/npmx_core.o
 .text.event_get
                0x0800a3a4       0x2e ./npmx/drivers/src/npmx_core.o
 .text.event_clear
                0x0800a3d2       0x30 ./npmx/drivers/src/npmx_core.o
 *fill*         0x0800a402        0x2 
 .text.check_events
                0x0800a404       0xb8 ./npmx/drivers/src/npmx_core.o
 .text.npmx_core_init
                0x0800a4bc      0x3a8 ./npmx/drivers/src/npmx_core.o
                0x0800a4bc                npmx_core_init
 .text.npmx_core_register_cb
                0x0800a864       0x26 ./npmx/drivers/src/npmx_core.o
                0x0800a864                npmx_core_register_cb
 .text.npmx_core_interrupt
                0x0800a88a       0x1c ./npmx/drivers/src/npmx_core.o
                0x0800a88a                npmx_core_interrupt
 *fill*         0x0800a8a6        0x2 
 .text.npmx_core_proc
                0x0800a8a8       0x3c ./npmx/drivers/src/npmx_core.o
                0x0800a8a8                npmx_core_proc
 .text.npmx_core_event_interrupt_enable
                0x0800a8e4       0x5c ./npmx/drivers/src/npmx_core.o
                0x0800a8e4                npmx_core_event_interrupt_enable
 .text.npmx_core_event_interrupt_disable
                0x0800a940       0x74 ./npmx/drivers/src/npmx_core.o
                0x0800a940                npmx_core_event_interrupt_disable
 .text.npmx_errlog_get
                0x0800a9b4       0x24 ./npmx/drivers/src/npmx_errlog.o
                0x0800a9b4                npmx_errlog_get
 .text.npmx_errlog_scratch_set
                0x0800a9d8       0x8c ./npmx/drivers/src/npmx_errlog.o
                0x0800a9d8                npmx_errlog_scratch_set
 .text.npmx_errlog_scratch_get
                0x0800aa64       0x74 ./npmx/drivers/src/npmx_errlog.o
                0x0800aa64                npmx_errlog_scratch_get
 .text.mode_set
                0x0800aad8       0x40 ./npmx/drivers/src/npmx_gpio.o
 .text.npmx_gpio_get
                0x0800ab18       0x22 ./npmx/drivers/src/npmx_gpio.o
                0x0800ab18                npmx_gpio_get
 .text.npmx_gpio_mode_set
                0x0800ab3a       0x1c ./npmx/drivers/src/npmx_gpio.o
                0x0800ab3a                npmx_gpio_mode_set
 .text.npmx_ship_get
                0x0800ab56       0x24 ./npmx/drivers/src/npmx_ship.o
                0x0800ab56                npmx_ship_get
 *fill*         0x0800ab7a        0x2 
 .text.npmx_ship_config_get
                0x0800ab7c       0x60 ./npmx/drivers/src/npmx_ship.o
                0x0800ab7c                npmx_ship_config_get
 .text.npmx_vbusin_get
                0x0800abdc       0x22 ./npmx/drivers/src/npmx_vbusin.o
                0x0800abdc                npmx_vbusin_get
 .text.npmx_vbusin_current_convert
                0x0800abfe      0x104 ./npmx/drivers/src/npmx_vbusin.o
                0x0800abfe                npmx_vbusin_current_convert
 *fill*         0x0800ad02        0x2 
 .text.npmx_vbusin_task_trigger
                0x0800ad04       0x38 ./npmx/drivers/src/npmx_vbusin.o
                0x0800ad04                npmx_vbusin_task_trigger
 .text.npmx_vbusin_current_limit_set
                0x0800ad3c       0x32 ./npmx/drivers/src/npmx_vbusin.o
                0x0800ad3c                npmx_vbusin_current_limit_set
 .text.npmx_vbusin_vbus_status_get
                0x0800ad6e       0x24 ./npmx/drivers/src/npmx_vbusin.o
                0x0800ad6e                npmx_vbusin_vbus_status_get
 .text.__cvt    0x0800ad92       0xca C:/ST/STM32CubeIDE_1.19.0/STM32CubeIDE/plugins/com.st.stm32cube.ide.mcu.externaltools.gnu-tools-for-stm32.13.3.rel1.win32_1.0.0.202411081344/tools/bin/../lib/gcc/arm-none-eabi/13.3.1/../../../../arm-none-eabi/lib/thumb/v7e-m+fp/hard\libc_nano.a(libc_a-nano-vfprintf_float.o)
                0x0800ad92                __cvt
 .text.__exponent
                0x0800ae5c       0x74 C:/ST/STM32CubeIDE_1.19.0/STM32CubeIDE/plugins/com.st.stm32cube.ide.mcu.externaltools.gnu-tools-for-stm32.13.3.rel1.win32_1.0.0.202411081344/tools/bin/../lib/gcc/arm-none-eabi/13.3.1/../../../../arm-none-eabi/lib/thumb/v7e-m+fp/hard\libc_nano.a(libc_a-nano-vfprintf_float.o)
                0x0800ae5c                __exponent
 .text._printf_float
                0x0800aed0      0x454 C:/ST/STM32CubeIDE_1.19.0/STM32CubeIDE/plugins/com.st.stm32cube.ide.mcu.externaltools.gnu-tools-for-stm32.13.3.rel1.win32_1.0.0.202411081344/tools/bin/../lib/gcc/arm-none-eabi/13.3.1/../../../../arm-none-eabi/lib/thumb/v7e-m+fp/hard\libc_nano.a(libc_a-nano-vfprintf_float.o)
                0x0800aed0                _printf_float
 .text._printf_common
                0x0800b324       0xda C:/ST/STM32CubeIDE_1.19.0/STM32CubeIDE/plugins/com.st.stm32cube.ide.mcu.externaltools.gnu-tools-for-stm32.13.3.rel1.win32_1.0.0.202411081344/tools/bin/../lib/gcc/arm-none-eabi/13.3.1/../../../../arm-none-eabi/lib/thumb/v7e-m+fp/hard\libc_nano.a(libc_a-nano-vfprintf_i.o)
                0x0800b324                _printf_common
 *fill*         0x0800b3fe        0x2 
 .text._printf_i
                0x0800b400      0x23c C:/ST/STM32CubeIDE_1.19.0/STM32CubeIDE/plugins/com.st.stm32cube.ide.mcu.externaltools.gnu-tools-for-stm32.13.3.rel1.win32_1.0.0.202411081344/tools/bin/../lib/gcc/arm-none-eabi/13.3.1/../../../../arm-none-eabi/lib/thumb/v7e-m+fp/hard\libc_nano.a(libc_a-nano-vfprintf_i.o)
                0x0800b400                _printf_i
 .text.std      0x0800b63c       0x6c C:/ST/STM32CubeIDE_1.19.0/STM32CubeIDE/plugins/com.st.stm32cube.ide.mcu.externaltools.gnu-tools-for-stm32.13.3.rel1.win32_1.0.0.202411081344/tools/bin/../lib/gcc/arm-none-eabi/13.3.1/../../../../arm-none-eabi/lib/thumb/v7e-m+fp/hard\libc_nano.a(libc_a-findfp.o)
 .text.stdio_exit_handler
                0x0800b6a8       0x18 C:/ST/STM32CubeIDE_1.19.0/STM32CubeIDE/plugins/com.st.stm32cube.ide.mcu.externaltools.gnu-tools-for-stm32.13.3.rel1.win32_1.0.0.202411081344/tools/bin/../lib/gcc/arm-none-eabi/13.3.1/../../../../arm-none-eabi/lib/thumb/v7e-m+fp/hard\libc_nano.a(libc_a-findfp.o)
 .text.cleanup_stdio
                0x0800b6c0       0x40 C:/ST/STM32CubeIDE_1.19.0/STM32CubeIDE/plugins/com.st.stm32cube.ide.mcu.externaltools.gnu-tools-for-stm32.13.3.rel1.win32_1.0.0.202411081344/tools/bin/../lib/gcc/arm-none-eabi/13.3.1/../../../../arm-none-eabi/lib/thumb/v7e-m+fp/hard\libc_nano.a(libc_a-findfp.o)
 .text.global_stdio_init.part.0
                0x0800b700       0x3c C:/ST/STM32CubeIDE_1.19.0/STM32CubeIDE/plugins/com.st.stm32cube.ide.mcu.externaltools.gnu-tools-for-stm32.13.3.rel1.win32_1.0.0.202411081344/tools/bin/../lib/gcc/arm-none-eabi/13.3.1/../../../../arm-none-eabi/lib/thumb/v7e-m+fp/hard\libc_nano.a(libc_a-findfp.o)
 .text.__sfp_lock_acquire
                0x0800b73c        0xc C:/ST/STM32CubeIDE_1.19.0/STM32CubeIDE/plugins/com.st.stm32cube.ide.mcu.externaltools.gnu-tools-for-stm32.13.3.rel1.win32_1.0.0.202411081344/tools/bin/../lib/gcc/arm-none-eabi/13.3.1/../../../../arm-none-eabi/lib/thumb/v7e-m+fp/hard\libc_nano.a(libc_a-findfp.o)
                0x0800b73c                __sfp_lock_acquire
 .text.__sfp_lock_release
                0x0800b748        0xc C:/ST/STM32CubeIDE_1.19.0/STM32CubeIDE/plugins/com.st.stm32cube.ide.mcu.externaltools.gnu-tools-for-stm32.13.3.rel1.win32_1.0.0.202411081344/tools/bin/../lib/gcc/arm-none-eabi/13.3.1/../../../../arm-none-eabi/lib/thumb/v7e-m+fp/hard\libc_nano.a(libc_a-findfp.o)
                0x0800b748                __sfp_lock_release
 .text.__sinit  0x0800b754       0x30 C:/ST/STM32CubeIDE_1.19.0/STM32CubeIDE/plugins/com.st.stm32cube.ide.mcu.externaltools.gnu-tools-for-stm32.13.3.rel1.win32_1.0.0.202411081344/tools/bin/../lib/gcc/arm-none-eabi/13.3.1/../../../../arm-none-eabi/lib/thumb/v7e-m+fp/hard\libc_nano.a(libc_a-findfp.o)
                0x0800b754                __sinit
 .text._fwalk_sglue
                0x0800b784       0x3c C:/ST/STM32CubeIDE_1.19.0/STM32CubeIDE/plugins/com.st.stm32cube.ide.mcu.externaltools.gnu-tools-for-stm32.13.3.rel1.win32_1.0.0.202411081344/tools/bin/../lib/gcc/arm-none-eabi/13.3.1/../../../../arm-none-eabi/lib/thumb/v7e-m+fp/hard\libc_nano.a(libc_a-fwalk.o)
                0x0800b784                _fwalk_sglue
 .text.printf   0x0800b7c0       0x24 C:/ST/STM32CubeIDE_1.19.0/STM32CubeIDE/plugins/com.st.stm32cube.ide.mcu.externaltools.gnu-tools-for-stm32.13.3.rel1.win32_1.0.0.202411081344/tools/bin/../lib/gcc/arm-none-eabi/13.3.1/../../../../arm-none-eabi/lib/thumb/v7e-m+fp/hard\libc_nano.a(libc_a-printf.o)
                0x0800b7c0                iprintf
                0x0800b7c0                printf
 .text._puts_r  0x0800b7e4       0xaa C:/ST/STM32CubeIDE_1.19.0/STM32CubeIDE/plugins/com.st.stm32cube.ide.mcu.externaltools.gnu-tools-for-stm32.13.3.rel1.win32_1.0.0.202411081344/tools/bin/../lib/gcc/arm-none-eabi/13.3.1/../../../../arm-none-eabi/lib/thumb/v7e-m+fp/hard\libc_nano.a(libc_a-puts.o)
                0x0800b7e4                _puts_r
 *fill*         0x0800b88e        0x2 
 .text.puts     0x0800b890       0x10 C:/ST/STM32CubeIDE_1.19.0/STM32CubeIDE/plugins/com.st.stm32cube.ide.mcu.externaltools.gnu-tools-for-stm32.13.3.rel1.win32_1.0.0.202411081344/tools/bin/../lib/gcc/arm-none-eabi/13.3.1/../../../../arm-none-eabi/lib/thumb/v7e-m+fp/hard\libc_nano.a(libc_a-puts.o)
                0x0800b890                puts
 .text.__sread  0x0800b8a0       0x22 C:/ST/STM32CubeIDE_1.19.0/STM32CubeIDE/plugins/com.st.stm32cube.ide.mcu.externaltools.gnu-tools-for-stm32.13.3.rel1.win32_1.0.0.202411081344/tools/bin/../lib/gcc/arm-none-eabi/13.3.1/../../../../arm-none-eabi/lib/thumb/v7e-m+fp/hard\libc_nano.a(libc_a-stdio.o)
                0x0800b8a0                __sread
 .text.__swrite
                0x0800b8c2       0x38 C:/ST/STM32CubeIDE_1.19.0/STM32CubeIDE/plugins/com.st.stm32cube.ide.mcu.externaltools.gnu-tools-for-stm32.13.3.rel1.win32_1.0.0.202411081344/tools/bin/../lib/gcc/arm-none-eabi/13.3.1/../../../../arm-none-eabi/lib/thumb/v7e-m+fp/hard\libc_nano.a(libc_a-stdio.o)
                0x0800b8c2                __swrite
 .text.__sseek  0x0800b8fa       0x24 C:/ST/STM32CubeIDE_1.19.0/STM32CubeIDE/plugins/com.st.stm32cube.ide.mcu.externaltools.gnu-tools-for-stm32.13.3.rel1.win32_1.0.0.202411081344/tools/bin/../lib/gcc/arm-none-eabi/13.3.1/../../../../arm-none-eabi/lib/thumb/v7e-m+fp/hard\libc_nano.a(libc_a-stdio.o)
                0x0800b8fa                __sseek
 .text.__sclose
                0x0800b91e        0x8 C:/ST/STM32CubeIDE_1.19.0/STM32CubeIDE/plugins/com.st.stm32cube.ide.mcu.externaltools.gnu-tools-for-stm32.13.3.rel1.win32_1.0.0.202411081344/tools/bin/../lib/gcc/arm-none-eabi/13.3.1/../../../../arm-none-eabi/lib/thumb/v7e-m+fp/hard\libc_nano.a(libc_a-stdio.o)
                0x0800b91e                __sclose
 .text.__swbuf_r
                0x0800b926       0x7c C:/ST/STM32CubeIDE_1.19.0/STM32CubeIDE/plugins/com.st.stm32cube.ide.mcu.externaltools.gnu-tools-for-stm32.13.3.rel1.win32_1.0.0.202411081344/tools/bin/../lib/gcc/arm-none-eabi/13.3.1/../../../../arm-none-eabi/lib/thumb/v7e-m+fp/hard\libc_nano.a(libc_a-wbuf.o)
                0x0800b926                __swbuf_r
 *fill*         0x0800b9a2        0x2 
 .text.__swsetup_r
                0x0800b9a4       0xac C:/ST/STM32CubeIDE_1.19.0/STM32CubeIDE/plugins/com.st.stm32cube.ide.mcu.externaltools.gnu-tools-for-stm32.13.3.rel1.win32_1.0.0.202411081344/tools/bin/../lib/gcc/arm-none-eabi/13.3.1/../../../../arm-none-eabi/lib/thumb/v7e-m+fp/hard\libc_nano.a(libc_a-wsetup.o)
                0x0800b9a4                __swsetup_r
 .text.memset   0x0800ba50       0x10 C:/ST/STM32CubeIDE_1.19.0/STM32CubeIDE/plugins/com.st.stm32cube.ide.mcu.externaltools.gnu-tools-for-stm32.13.3.rel1.win32_1.0.0.202411081344/tools/bin/../lib/gcc/arm-none-eabi/13.3.1/../../../../arm-none-eabi/lib/thumb/v7e-m+fp/hard\libc_nano.a(libc_a-memset.o)
                0x0800ba50                memset
 .text._localeconv_r
                0x0800ba60        0x8 C:/ST/STM32CubeIDE_1.19.0/STM32CubeIDE/plugins/com.st.stm32cube.ide.mcu.externaltools.gnu-tools-for-stm32.13.3.rel1.win32_1.0.0.202411081344/tools/bin/../lib/gcc/arm-none-eabi/13.3.1/../../../../arm-none-eabi/lib/thumb/v7e-m+fp/hard\libc_nano.a(libc_a-localeconv.o)
                0x0800ba60                _localeconv_r
 .text._close_r
                0x0800ba68       0x20 C:/ST/STM32CubeIDE_1.19.0/STM32CubeIDE/plugins/com.st.stm32cube.ide.mcu.externaltools.gnu-tools-for-stm32.13.3.rel1.win32_1.0.0.202411081344/tools/bin/../lib/gcc/arm-none-eabi/13.3.1/../../../../arm-none-eabi/lib/thumb/v7e-m+fp/hard\libc_nano.a(libc_a-closer.o)
                0x0800ba68                _close_r
 .text._lseek_r
                0x0800ba88       0x24 C:/ST/STM32CubeIDE_1.19.0/STM32CubeIDE/plugins/com.st.stm32cube.ide.mcu.externaltools.gnu-tools-for-stm32.13.3.rel1.win32_1.0.0.202411081344/tools/bin/../lib/gcc/arm-none-eabi/13.3.1/../../../../arm-none-eabi/lib/thumb/v7e-m+fp/hard\libc_nano.a(libc_a-lseekr.o)
                0x0800ba88                _lseek_r
 .text._read_r  0x0800baac       0x24 C:/ST/STM32CubeIDE_1.19.0/STM32CubeIDE/plugins/com.st.stm32cube.ide.mcu.externaltools.gnu-tools-for-stm32.13.3.rel1.win32_1.0.0.202411081344/tools/bin/../lib/gcc/arm-none-eabi/13.3.1/../../../../arm-none-eabi/lib/thumb/v7e-m+fp/hard\libc_nano.a(libc_a-readr.o)
                0x0800baac                _read_r
 .text._write_r
                0x0800bad0       0x24 C:/ST/STM32CubeIDE_1.19.0/STM32CubeIDE/plugins/com.st.stm32cube.ide.mcu.externaltools.gnu-tools-for-stm32.13.3.rel1.win32_1.0.0.202411081344/tools/bin/../lib/gcc/arm-none-eabi/13.3.1/../../../../arm-none-eabi/lib/thumb/v7e-m+fp/hard\libc_nano.a(libc_a-writer.o)
                0x0800bad0                _write_r
 .text.__errno  0x0800baf4        0xc C:/ST/STM32CubeIDE_1.19.0/STM32CubeIDE/plugins/com.st.stm32cube.ide.mcu.externaltools.gnu-tools-for-stm32.13.3.rel1.win32_1.0.0.202411081344/tools/bin/../lib/gcc/arm-none-eabi/13.3.1/../../../../arm-none-eabi/lib/thumb/v7e-m+fp/hard\libc_nano.a(libc_a-errno.o)
                0x0800baf4                __errno
 .text.__libc_init_array
                0x0800bb00       0x48 C:/ST/STM32CubeIDE_1.19.0/STM32CubeIDE/plugins/com.st.stm32cube.ide.mcu.externaltools.gnu-tools-for-stm32.13.3.rel1.win32_1.0.0.202411081344/tools/bin/../lib/gcc/arm-none-eabi/13.3.1/../../../../arm-none-eabi/lib/thumb/v7e-m+fp/hard\libc_nano.a(libc_a-init.o)
                0x0800bb00                __libc_init_array
 .text.__retarget_lock_init_recursive
                0x0800bb48        0x2 C:/ST/STM32CubeIDE_1.19.0/STM32CubeIDE/plugins/com.st.stm32cube.ide.mcu.externaltools.gnu-tools-for-stm32.13.3.rel1.win32_1.0.0.202411081344/tools/bin/../lib/gcc/arm-none-eabi/13.3.1/../../../../arm-none-eabi/lib/thumb/v7e-m+fp/hard\libc_nano.a(libc_a-lock.o)
                0x0800bb48                __retarget_lock_init_recursive
 .text.__retarget_lock_acquire_recursive
                0x0800bb4a        0x2 C:/ST/STM32CubeIDE_1.19.0/STM32CubeIDE/plugins/com.st.stm32cube.ide.mcu.externaltools.gnu-tools-for-stm32.13.3.rel1.win32_1.0.0.202411081344/tools/bin/../lib/gcc/arm-none-eabi/13.3.1/../../../../arm-none-eabi/lib/thumb/v7e-m+fp/hard\libc_nano.a(libc_a-lock.o)
                0x0800bb4a                __retarget_lock_acquire_recursive
 .text.__retarget_lock_release_recursive
                0x0800bb4c        0x2 C:/ST/STM32CubeIDE_1.19.0/STM32CubeIDE/plugins/com.st.stm32cube.ide.mcu.externaltools.gnu-tools-for-stm32.13.3.rel1.win32_1.0.0.202411081344/tools/bin/../lib/gcc/arm-none-eabi/13.3.1/../../../../arm-none-eabi/lib/thumb/v7e-m+fp/hard\libc_nano.a(libc_a-lock.o)
                0x0800bb4c                __retarget_lock_release_recursive
 .text.memcpy   0x0800bb4e       0x1c C:/ST/STM32CubeIDE_1.19.0/STM32CubeIDE/plugins/com.st.stm32cube.ide.mcu.externaltools.gnu-tools-for-stm32.13.3.rel1.win32_1.0.0.202411081344/tools/bin/../lib/gcc/arm-none-eabi/13.3.1/../../../../arm-none-eabi/lib/thumb/v7e-m+fp/hard\libc_nano.a(libc_a-memcpy-stub.o)
                0x0800bb4e                memcpy
 .text.quorem   0x0800bb6a      0x110 C:/ST/STM32CubeIDE_1.19.0/STM32CubeIDE/plugins/com.st.stm32cube.ide.mcu.externaltools.gnu-tools-for-stm32.13.3.rel1.win32_1.0.0.202411081344/tools/bin/../lib/gcc/arm-none-eabi/13.3.1/../../../../arm-none-eabi/lib/thumb/v7e-m+fp/hard\libc_nano.a(libc_a-dtoa.o)
 *fill*         0x0800bc7a        0x6 
 .text._dtoa_r  0x0800bc80      0xba0 C:/ST/STM32CubeIDE_1.19.0/STM32CubeIDE/plugins/com.st.stm32cube.ide.mcu.externaltools.gnu-tools-for-stm32.13.3.rel1.win32_1.0.0.202411081344/tools/bin/../lib/gcc/arm-none-eabi/13.3.1/../../../../arm-none-eabi/lib/thumb/v7e-m+fp/hard\libc_nano.a(libc_a-dtoa.o)
                0x0800bc80                _dtoa_r
 .text._free_r  0x0800c820       0x94 C:/ST/STM32CubeIDE_1.19.0/STM32CubeIDE/plugins/com.st.stm32cube.ide.mcu.externaltools.gnu-tools-for-stm32.13.3.rel1.win32_1.0.0.202411081344/tools/bin/../lib/gcc/arm-none-eabi/13.3.1/../../../../arm-none-eabi/lib/thumb/v7e-m+fp/hard\libc_nano.a(libc_a-freer.o)
                0x0800c820                _free_r
 .text.malloc   0x0800c8b4       0x10 C:/ST/STM32CubeIDE_1.19.0/STM32CubeIDE/plugins/com.st.stm32cube.ide.mcu.externaltools.gnu-tools-for-stm32.13.3.rel1.win32_1.0.0.202411081344/tools/bin/../lib/gcc/arm-none-eabi/13.3.1/../../../../arm-none-eabi/lib/thumb/v7e-m+fp/hard\libc_nano.a(libc_a-malloc.o)
                0x0800c8b4                malloc
 .text.sbrk_aligned
                0x0800c8c4       0x44 C:/ST/STM32CubeIDE_1.19.0/STM32CubeIDE/plugins/com.st.stm32cube.ide.mcu.externaltools.gnu-tools-for-stm32.13.3.rel1.win32_1.0.0.202411081344/tools/bin/../lib/gcc/arm-none-eabi/13.3.1/../../../../arm-none-eabi/lib/thumb/v7e-m+fp/hard\libc_nano.a(libc_a-mallocr.o)
 .text._malloc_r
                0x0800c908      0x100 C:/ST/STM32CubeIDE_1.19.0/STM32CubeIDE/plugins/com.st.stm32cube.ide.mcu.externaltools.gnu-tools-for-stm32.13.3.rel1.win32_1.0.0.202411081344/tools/bin/../lib/gcc/arm-none-eabi/13.3.1/../../../../arm-none-eabi/lib/thumb/v7e-m+fp/hard\libc_nano.a(libc_a-mallocr.o)
                0x0800c908                _malloc_r
 .text.__malloc_lock
                0x0800ca08        0xc C:/ST/STM32CubeIDE_1.19.0/STM32CubeIDE/plugins/com.st.stm32cube.ide.mcu.externaltools.gnu-tools-for-stm32.13.3.rel1.win32_1.0.0.202411081344/tools/bin/../lib/gcc/arm-none-eabi/13.3.1/../../../../arm-none-eabi/lib/thumb/v7e-m+fp/hard\libc_nano.a(libc_a-mlock.o)
                0x0800ca08                __malloc_lock
 .text.__malloc_unlock
                0x0800ca14        0xc C:/ST/STM32CubeIDE_1.19.0/STM32CubeIDE/plugins/com.st.stm32cube.ide.mcu.externaltools.gnu-tools-for-stm32.13.3.rel1.win32_1.0.0.202411081344/tools/bin/../lib/gcc/arm-none-eabi/13.3.1/../../../../arm-none-eabi/lib/thumb/v7e-m+fp/hard\libc_nano.a(libc_a-mlock.o)
                0x0800ca14                __malloc_unlock
 .text._Balloc  0x0800ca20       0x80 C:/ST/STM32CubeIDE_1.19.0/STM32CubeIDE/plugins/com.st.stm32cube.ide.mcu.externaltools.gnu-tools-for-stm32.13.3.rel1.win32_1.0.0.202411081344/tools/bin/../lib/gcc/arm-none-eabi/13.3.1/../../../../arm-none-eabi/lib/thumb/v7e-m+fp/hard\libc_nano.a(libc_a-mprec.o)
                0x0800ca20                _Balloc
 .text._Bfree   0x0800caa0       0x44 C:/ST/STM32CubeIDE_1.19.0/STM32CubeIDE/plugins/com.st.stm32cube.ide.mcu.externaltools.gnu-tools-for-stm32.13.3.rel1.win32_1.0.0.202411081344/tools/bin/../lib/gcc/arm-none-eabi/13.3.1/../../../../arm-none-eabi/lib/thumb/v7e-m+fp/hard\libc_nano.a(libc_a-mprec.o)
                0x0800caa0                _Bfree
 .text.__multadd
                0x0800cae4       0x8c C:/ST/STM32CubeIDE_1.19.0/STM32CubeIDE/plugins/com.st.stm32cube.ide.mcu.externaltools.gnu-tools-for-stm32.13.3.rel1.win32_1.0.0.202411081344/tools/bin/../lib/gcc/arm-none-eabi/13.3.1/../../../../arm-none-eabi/lib/thumb/v7e-m+fp/hard\libc_nano.a(libc_a-mprec.o)
                0x0800cae4                __multadd
 .text.__hi0bits
                0x0800cb70       0x3e C:/ST/STM32CubeIDE_1.19.0/STM32CubeIDE/plugins/com.st.stm32cube.ide.mcu.externaltools.gnu-tools-for-stm32.13.3.rel1.win32_1.0.0.202411081344/tools/bin/../lib/gcc/arm-none-eabi/13.3.1/../../../../arm-none-eabi/lib/thumb/v7e-m+fp/hard\libc_nano.a(libc_a-mprec.o)
                0x0800cb70                __hi0bits
 .text.__lo0bits
                0x0800cbae       0x5a C:/ST/STM32CubeIDE_1.19.0/STM32CubeIDE/plugins/com.st.stm32cube.ide.mcu.externaltools.gnu-tools-for-stm32.13.3.rel1.win32_1.0.0.202411081344/tools/bin/../lib/gcc/arm-none-eabi/13.3.1/../../../../arm-none-eabi/lib/thumb/v7e-m+fp/hard\libc_nano.a(libc_a-mprec.o)
                0x0800cbae                __lo0bits
 .text.__i2b    0x0800cc08       0x2c C:/ST/STM32CubeIDE_1.19.0/STM32CubeIDE/plugins/com.st.stm32cube.ide.mcu.externaltools.gnu-tools-for-stm32.13.3.rel1.win32_1.0.0.202411081344/tools/bin/../lib/gcc/arm-none-eabi/13.3.1/../../../../arm-none-eabi/lib/thumb/v7e-m+fp/hard\libc_nano.a(libc_a-mprec.o)
                0x0800cc08                __i2b
 .text.__multiply
                0x0800cc34      0x144 C:/ST/STM32CubeIDE_1.19.0/STM32CubeIDE/plugins/com.st.stm32cube.ide.mcu.externaltools.gnu-tools-for-stm32.13.3.rel1.win32_1.0.0.202411081344/tools/bin/../lib/gcc/arm-none-eabi/13.3.1/../../../../arm-none-eabi/lib/thumb/v7e-m+fp/hard\libc_nano.a(libc_a-mprec.o)
                0x0800cc34                __multiply
 .text.__pow5mult
                0x0800cd78       0xb4 C:/ST/STM32CubeIDE_1.19.0/STM32CubeIDE/plugins/com.st.stm32cube.ide.mcu.externaltools.gnu-tools-for-stm32.13.3.rel1.win32_1.0.0.202411081344/tools/bin/../lib/gcc/arm-none-eabi/13.3.1/../../../../arm-none-eabi/lib/thumb/v7e-m+fp/hard\libc_nano.a(libc_a-mprec.o)
                0x0800cd78                __pow5mult
 .text.__lshift
                0x0800ce2c       0xd8 C:/ST/STM32CubeIDE_1.19.0/STM32CubeIDE/plugins/com.st.stm32cube.ide.mcu.externaltools.gnu-tools-for-stm32.13.3.rel1.win32_1.0.0.202411081344/tools/bin/../lib/gcc/arm-none-eabi/13.3.1/../../../../arm-none-eabi/lib/thumb/v7e-m+fp/hard\libc_nano.a(libc_a-mprec.o)
                0x0800ce2c                __lshift
 .text.__mcmp   0x0800cf04       0x36 C:/ST/STM32CubeIDE_1.19.0/STM32CubeIDE/plugins/com.st.stm32cube.ide.mcu.externaltools.gnu-tools-for-stm32.13.3.rel1.win32_1.0.0.202411081344/tools/bin/../lib/gcc/arm-none-eabi/13.3.1/../../../../arm-none-eabi/lib/thumb/v7e-m+fp/hard\libc_nano.a(libc_a-mprec.o)
                0x0800cf04                __mcmp
 *fill*         0x0800cf3a        0x2 
 .text.__mdiff  0x0800cf3c      0x128 C:/ST/STM32CubeIDE_1.19.0/STM32CubeIDE/plugins/com.st.stm32cube.ide.mcu.externaltools.gnu-tools-for-stm32.13.3.rel1.win32_1.0.0.202411081344/tools/bin/../lib/gcc/arm-none-eabi/13.3.1/../../../../arm-none-eabi/lib/thumb/v7e-m+fp/hard\libc_nano.a(libc_a-mprec.o)
                0x0800cf3c                __mdiff
 .text.__d2b    0x0800d064       0xb0 C:/ST/STM32CubeIDE_1.19.0/STM32CubeIDE/plugins/com.st.stm32cube.ide.mcu.externaltools.gnu-tools-for-stm32.13.3.rel1.win32_1.0.0.202411081344/tools/bin/../lib/gcc/arm-none-eabi/13.3.1/../../../../arm-none-eabi/lib/thumb/v7e-m+fp/hard\libc_nano.a(libc_a-mprec.o)
                0x0800d064                __d2b
 .text.__sfputc_r
                0x0800d114       0x2e C:/ST/STM32CubeIDE_1.19.0/STM32CubeIDE/plugins/com.st.stm32cube.ide.mcu.externaltools.gnu-tools-for-stm32.13.3.rel1.win32_1.0.0.202411081344/tools/bin/../lib/gcc/arm-none-eabi/13.3.1/../../../../arm-none-eabi/lib/thumb/v7e-m+fp/hard\libc_nano.a(libc_a-nano-vfprintf.o)
 .text.__sfputs_r
                0x0800d142       0x24 C:/ST/STM32CubeIDE_1.19.0/STM32CubeIDE/plugins/com.st.stm32cube.ide.mcu.externaltools.gnu-tools-for-stm32.13.3.rel1.win32_1.0.0.202411081344/tools/bin/../lib/gcc/arm-none-eabi/13.3.1/../../../../arm-none-eabi/lib/thumb/v7e-m+fp/hard\libc_nano.a(libc_a-nano-vfprintf.o)
                0x0800d142                __sfputs_r
 *fill*         0x0800d166        0x2 
 .text._vfprintf_r
                0x0800d168      0x230 C:/ST/STM32CubeIDE_1.19.0/STM32CubeIDE/plugins/com.st.stm32cube.ide.mcu.externaltools.gnu-tools-for-stm32.13.3.rel1.win32_1.0.0.202411081344/tools/bin/../lib/gcc/arm-none-eabi/13.3.1/../../../../arm-none-eabi/lib/thumb/v7e-m+fp/hard\libc_nano.a(libc_a-nano-vfprintf.o)
                0x0800d168                _vfprintf_r
                0x0800d168                _vfiprintf_r
 .text.__sflush_r
                0x0800d398      0x108 C:/ST/STM32CubeIDE_1.19.0/STM32CubeIDE/plugins/com.st.stm32cube.ide.mcu.externaltools.gnu-tools-for-stm32.13.3.rel1.win32_1.0.0.202411081344/tools/bin/../lib/gcc/arm-none-eabi/13.3.1/../../../../arm-none-eabi/lib/thumb/v7e-m+fp/hard\libc_nano.a(libc_a-fflush.o)
                0x0800d398                __sflush_r
 .text._fflush_r
                0x0800d4a0       0x50 C:/ST/STM32CubeIDE_1.19.0/STM32CubeIDE/plugins/com.st.stm32cube.ide.mcu.externaltools.gnu-tools-for-stm32.13.3.rel1.win32_1.0.0.202411081344/tools/bin/../lib/gcc/arm-none-eabi/13.3.1/../../../../arm-none-eabi/lib/thumb/v7e-m+fp/hard\libc_nano.a(libc_a-fflush.o)
                0x0800d4a0                _fflush_r
 .text.__swhatbuf_r
                0x0800d4f0       0x4c C:/ST/STM32CubeIDE_1.19.0/STM32CubeIDE/plugins/com.st.stm32cube.ide.mcu.externaltools.gnu-tools-for-stm32.13.3.rel1.win32_1.0.0.202411081344/tools/bin/../lib/gcc/arm-none-eabi/13.3.1/../../../../arm-none-eabi/lib/thumb/v7e-m+fp/hard\libc_nano.a(libc_a-makebuf.o)
                0x0800d4f0                __swhatbuf_r
 .text.__smakebuf_r
                0x0800d53c       0x78 C:/ST/STM32CubeIDE_1.19.0/STM32CubeIDE/plugins/com.st.stm32cube.ide.mcu.externaltools.gnu-tools-for-stm32.13.3.rel1.win32_1.0.0.202411081344/tools/bin/../lib/gcc/arm-none-eabi/13.3.1/../../../../arm-none-eabi/lib/thumb/v7e-m+fp/hard\libc_nano.a(libc_a-makebuf.o)
                0x0800d53c                __smakebuf_r
 .text._fstat_r
                0x0800d5b4       0x24 C:/ST/STM32CubeIDE_1.19.0/STM32CubeIDE/plugins/com.st.stm32cube.ide.mcu.externaltools.gnu-tools-for-stm32.13.3.rel1.win32_1.0.0.202411081344/tools/bin/../lib/gcc/arm-none-eabi/13.3.1/../../../../arm-none-eabi/lib/thumb/v7e-m+fp/hard\libc_nano.a(libc_a-fstatr.o)
                0x0800d5b4                _fstat_r
 .text._isatty_r
                0x0800d5d8       0x20 C:/ST/STM32CubeIDE_1.19.0/STM32CubeIDE/plugins/com.st.stm32cube.ide.mcu.externaltools.gnu-tools-for-stm32.13.3.rel1.win32_1.0.0.202411081344/tools/bin/../lib/gcc/arm-none-eabi/13.3.1/../../../../arm-none-eabi/lib/thumb/v7e-m+fp/hard\libc_nano.a(libc_a-isattyr.o)
                0x0800d5d8                _isatty_r
 .text._sbrk_r  0x0800d5f8       0x20 C:/ST/STM32CubeIDE_1.19.0/STM32CubeIDE/plugins/com.st.stm32cube.ide.mcu.externaltools.gnu-tools-for-stm32.13.3.rel1.win32_1.0.0.202411081344/tools/bin/../lib/gcc/arm-none-eabi/13.3.1/../../../../arm-none-eabi/lib/thumb/v7e-m+fp/hard\libc_nano.a(libc_a-sbrkr.o)
                0x0800d5f8                _sbrk_r
 .text.__assert_func
                0x0800d618       0x3c C:/ST/STM32CubeIDE_1.19.0/STM32CubeIDE/plugins/com.st.stm32cube.ide.mcu.externaltools.gnu-tools-for-stm32.13.3.rel1.win32_1.0.0.202411081344/tools/bin/../lib/gcc/arm-none-eabi/13.3.1/../../../../arm-none-eabi/lib/thumb/v7e-m+fp/hard\libc_nano.a(libc_a-assert.o)
                0x0800d618                __assert_func
 .text._calloc_r
                0x0800d654       0x28 C:/ST/STM32CubeIDE_1.19.0/STM32CubeIDE/plugins/com.st.stm32cube.ide.mcu.externaltools.gnu-tools-for-stm32.13.3.rel1.win32_1.0.0.202411081344/tools/bin/../lib/gcc/arm-none-eabi/13.3.1/../../../../arm-none-eabi/lib/thumb/v7e-m+fp/hard\libc_nano.a(libc_a-callocr.o)
                0x0800d654                _calloc_r
 .text.__ascii_mbtowc
                0x0800d67c       0x24 C:/ST/STM32CubeIDE_1.19.0/STM32CubeIDE/plugins/com.st.stm32cube.ide.mcu.externaltools.gnu-tools-for-stm32.13.3.rel1.win32_1.0.0.202411081344/tools/bin/../lib/gcc/arm-none-eabi/13.3.1/../../../../arm-none-eabi/lib/thumb/v7e-m+fp/hard\libc_nano.a(libc_a-mbtowc_r.o)
                0x0800d67c                __ascii_mbtowc
 .text.__ascii_wctomb
                0x0800d6a0       0x1a C:/ST/STM32CubeIDE_1.19.0/STM32CubeIDE/plugins/com.st.stm32cube.ide.mcu.externaltools.gnu-tools-for-stm32.13.3.rel1.win32_1.0.0.202411081344/tools/bin/../lib/gcc/arm-none-eabi/13.3.1/../../../../arm-none-eabi/lib/thumb/v7e-m+fp/hard\libc_nano.a(libc_a-wctomb_r.o)
                0x0800d6a0                __ascii_wctomb
 *fill*         0x0800d6ba        0x2 
 .text.fprintf  0x0800d6bc       0x24 C:/ST/STM32CubeIDE_1.19.0/STM32CubeIDE/plugins/com.st.stm32cube.ide.mcu.externaltools.gnu-tools-for-stm32.13.3.rel1.win32_1.0.0.202411081344/tools/bin/../lib/gcc/arm-none-eabi/13.3.1/../../../../arm-none-eabi/lib/thumb/v7e-m+fp/hard\libc_nano.a(libc_a-fprintf.o)
                0x0800d6bc                fiprintf
                0x0800d6bc                fprintf
 .text.abort    0x0800d6e0        0xe C:/ST/STM32CubeIDE_1.19.0/STM32CubeIDE/plugins/com.st.stm32cube.ide.mcu.externaltools.gnu-tools-for-stm32.13.3.rel1.win32_1.0.0.202411081344/tools/bin/../lib/gcc/arm-none-eabi/13.3.1/../../../../arm-none-eabi/lib/thumb/v7e-m+fp/hard\libc_nano.a(libc_a-abort.o)
                0x0800d6e0                abort
 .text._raise_r
                0x0800d6ee       0x50 C:/ST/STM32CubeIDE_1.19.0/STM32CubeIDE/plugins/com.st.stm32cube.ide.mcu.externaltools.gnu-tools-for-stm32.13.3.rel1.win32_1.0.0.202411081344/tools/bin/../lib/gcc/arm-none-eabi/13.3.1/../../../../arm-none-eabi/lib/thumb/v7e-m+fp/hard\libc_nano.a(libc_a-signal.o)
                0x0800d6ee                _raise_r
 *fill*         0x0800d73e        0x2 
 .text.raise    0x0800d740       0x10 C:/ST/STM32CubeIDE_1.19.0/STM32CubeIDE/plugins/com.st.stm32cube.ide.mcu.externaltools.gnu-tools-for-stm32.13.3.rel1.win32_1.0.0.202411081344/tools/bin/../lib/gcc/arm-none-eabi/13.3.1/../../../../arm-none-eabi/lib/thumb/v7e-m+fp/hard\libc_nano.a(libc_a-signal.o)
                0x0800d740                raise
 .text._kill_r  0x0800d750       0x24 C:/ST/STM32CubeIDE_1.19.0/STM32CubeIDE/plugins/com.st.stm32cube.ide.mcu.externaltools.gnu-tools-for-stm32.13.3.rel1.win32_1.0.0.202411081344/tools/bin/../lib/gcc/arm-none-eabi/13.3.1/../../../../arm-none-eabi/lib/thumb/v7e-m+fp/hard\libc_nano.a(libc_a-signalr.o)
                0x0800d750                _kill_r
 .text._getpid_r
                0x0800d774        0x4 C:/ST/STM32CubeIDE_1.19.0/STM32CubeIDE/plugins/com.st.stm32cube.ide.mcu.externaltools.gnu-tools-for-stm32.13.3.rel1.win32_1.0.0.202411081344/tools/bin/../lib/gcc/arm-none-eabi/13.3.1/../../../../arm-none-eabi/lib/thumb/v7e-m+fp/hard\libc_nano.a(libc_a-signalr.o)
                0x0800d774                _getpid_r
 .text.expf     0x0800d778       0x6c C:/ST/STM32CubeIDE_1.19.0/STM32CubeIDE/plugins/com.st.stm32cube.ide.mcu.externaltools.gnu-tools-for-stm32.13.3.rel1.win32_1.0.0.202411081344/tools/bin/../lib/gcc/arm-none-eabi/13.3.1/../../../../arm-none-eabi/lib/thumb/v7e-m+fp/hard\libm.a(libm_a-wf_exp.o)
                0x0800d778                expf
 .text.logf     0x0800d7e4       0x5c C:/ST/STM32CubeIDE_1.19.0/STM32CubeIDE/plugins/com.st.stm32cube.ide.mcu.externaltools.gnu-tools-for-stm32.13.3.rel1.win32_1.0.0.202411081344/tools/bin/../lib/gcc/arm-none-eabi/13.3.1/../../../../arm-none-eabi/lib/thumb/v7e-m+fp/hard\libm.a(libm_a-wf_log.o)
                0x0800d7e4                logf
 .text.sqrtf    0x0800d840       0x3c C:/ST/STM32CubeIDE_1.19.0/STM32CubeIDE/plugins/com.st.stm32cube.ide.mcu.externaltools.gnu-tools-for-stm32.13.3.rel1.win32_1.0.0.202411081344/tools/bin/../lib/gcc/arm-none-eabi/13.3.1/../../../../arm-none-eabi/lib/thumb/v7e-m+fp/hard\libm.a(libm_a-wf_sqrt.o)
                0x0800d840                sqrtf
 .text.fabsf    0x0800d87c        0xe C:/ST/STM32CubeIDE_1.19.0/STM32CubeIDE/plugins/com.st.stm32cube.ide.mcu.externaltools.gnu-tools-for-stm32.13.3.rel1.win32_1.0.0.202411081344/tools/bin/../lib/gcc/arm-none-eabi/13.3.1/../../../../arm-none-eabi/lib/thumb/v7e-m+fp/hard\libm.a(libm_a-sf_fabs.o)
                0x0800d87c                fabsf
 .text.finitef  0x0800d88a       0x14 C:/ST/STM32CubeIDE_1.19.0/STM32CubeIDE/plugins/com.st.stm32cube.ide.mcu.externaltools.gnu-tools-for-stm32.13.3.rel1.win32_1.0.0.202411081344/tools/bin/../lib/gcc/arm-none-eabi/13.3.1/../../../../arm-none-eabi/lib/thumb/v7e-m+fp/hard\libm.a(libm_a-sf_finite.o)
                0x0800d88a                finitef
 *fill*         0x0800d89e        0x2 
 .text.nanf     0x0800d8a0        0xc C:/ST/STM32CubeIDE_1.19.0/STM32CubeIDE/plugins/com.st.stm32cube.ide.mcu.externaltools.gnu-tools-for-stm32.13.3.rel1.win32_1.0.0.202411081344/tools/bin/../lib/gcc/arm-none-eabi/13.3.1/../../../../arm-none-eabi/lib/thumb/v7e-m+fp/hard\libm.a(libm_a-sf_nan.o)
                0x0800d8a0                nanf
 .text.fmaxf    0x0800d8ac       0x3a C:/ST/STM32CubeIDE_1.19.0/STM32CubeIDE/plugins/com.st.stm32cube.ide.mcu.externaltools.gnu-tools-for-stm32.13.3.rel1.win32_1.0.0.202411081344/tools/bin/../lib/gcc/arm-none-eabi/13.3.1/../../../../arm-none-eabi/lib/thumb/v7e-m+fp/hard\libm.a(libm_a-sf_fmax.o)
                0x0800d8ac                fmaxf
 .text.fminf    0x0800d8e6       0x3a C:/ST/STM32CubeIDE_1.19.0/STM32CubeIDE/plugins/com.st.stm32cube.ide.mcu.externaltools.gnu-tools-for-stm32.13.3.rel1.win32_1.0.0.202411081344/tools/bin/../lib/gcc/arm-none-eabi/13.3.1/../../../../arm-none-eabi/lib/thumb/v7e-m+fp/hard\libm.a(libm_a-sf_fmin.o)
                0x0800d8e6                fminf
 .text.__fpclassifyf
                0x0800d920       0x38 C:/ST/STM32CubeIDE_1.19.0/STM32CubeIDE/plugins/com.st.stm32cube.ide.mcu.externaltools.gnu-tools-for-stm32.13.3.rel1.win32_1.0.0.202411081344/tools/bin/../lib/gcc/arm-none-eabi/13.3.1/../../../../arm-none-eabi/lib/thumb/v7e-m+fp/hard\libm.a(libm_a-sf_fpclassify.o)
                0x0800d920                __fpclassifyf
 .text.__ieee754_sqrtf
                0x0800d958        0x6 C:/ST/STM32CubeIDE_1.19.0/STM32CubeIDE/plugins/com.st.stm32cube.ide.mcu.externaltools.gnu-tools-for-stm32.13.3.rel1.win32_1.0.0.202411081344/tools/bin/../lib/gcc/arm-none-eabi/13.3.1/../../../../arm-none-eabi/lib/thumb/v7e-m+fp/hard\libm.a(libm_a-ef_sqrt.o)
                0x0800d958                __ieee754_sqrtf
 *fill*         0x0800d95e        0x2 
 .text.floorf   0x0800d960       0x88 C:/ST/STM32CubeIDE_1.19.0/STM32CubeIDE/plugins/com.st.stm32cube.ide.mcu.externaltools.gnu-tools-for-stm32.13.3.rel1.win32_1.0.0.202411081344/tools/bin/../lib/gcc/arm-none-eabi/13.3.1/../../../../arm-none-eabi/lib/thumb/v7e-m+fp/hard\libm.a(libm_a-sf_floor.o)
                0x0800d960                floorf
 .text.__ieee754_expf
                0x0800d9e8      0x19c C:/ST/STM32CubeIDE_1.19.0/STM32CubeIDE/plugins/com.st.stm32cube.ide.mcu.externaltools.gnu-tools-for-stm32.13.3.rel1.win32_1.0.0.202411081344/tools/bin/../lib/gcc/arm-none-eabi/13.3.1/../../../../arm-none-eabi/lib/thumb/v7e-m+fp/hard\libm.a(libm_a-ef_exp.o)
                0x0800d9e8                __ieee754_expf
 .text.__ieee754_logf
                0x0800db84      0x1e4 C:/ST/STM32CubeIDE_1.19.0/STM32CubeIDE/plugins/com.st.stm32cube.ide.mcu.externaltools.gnu-tools-for-stm32.13.3.rel1.win32_1.0.0.202411081344/tools/bin/../lib/gcc/arm-none-eabi/13.3.1/../../../../arm-none-eabi/lib/thumb/v7e-m+fp/hard\libm.a(libm_a-ef_log.o)
                0x0800db84                __ieee754_logf
 .text.with_errnof
                0x0800dd68       0x1c C:/ST/STM32CubeIDE_1.19.0/STM32CubeIDE/plugins/com.st.stm32cube.ide.mcu.externaltools.gnu-tools-for-stm32.13.3.rel1.win32_1.0.0.202411081344/tools/bin/../lib/gcc/arm-none-eabi/13.3.1/../../../../arm-none-eabi/lib/thumb/v7e-m+fp/hard\libm.a(libm_a-math_errf.o)
 .text.xflowf   0x0800dd84       0x16 C:/ST/STM32CubeIDE_1.19.0/STM32CubeIDE/plugins/com.st.stm32cube.ide.mcu.externaltools.gnu-tools-for-stm32.13.3.rel1.win32_1.0.0.202411081344/tools/bin/../lib/gcc/arm-none-eabi/13.3.1/../../../../arm-none-eabi/lib/thumb/v7e-m+fp/hard\libm.a(libm_a-math_errf.o)
 *fill*         0x0800dd9a        0x2 
 .text.__math_uflowf
                0x0800dd9c        0xc C:/ST/STM32CubeIDE_1.19.0/STM32CubeIDE/plugins/com.st.stm32cube.ide.mcu.externaltools.gnu-tools-for-stm32.13.3.rel1.win32_1.0.0.202411081344/tools/bin/../lib/gcc/arm-none-eabi/13.3.1/../../../../arm-none-eabi/lib/thumb/v7e-m+fp/hard\libm.a(libm_a-math_errf.o)
                0x0800dd9c                __math_uflowf
 .text.__math_oflowf
                0x0800dda8        0xc C:/ST/STM32CubeIDE_1.19.0/STM32CubeIDE/plugins/com.st.stm32cube.ide.mcu.externaltools.gnu-tools-for-stm32.13.3.rel1.win32_1.0.0.202411081344/tools/bin/../lib/gcc/arm-none-eabi/13.3.1/../../../../arm-none-eabi/lib/thumb/v7e-m+fp/hard\libm.a(libm_a-math_errf.o)
                0x0800dda8                __math_oflowf
 *(.glue_7)
 .glue_7        0x0800ddb4        0x0 linker stubs
 *(.glue_7t)
 .glue_7t       0x0800ddb4        0x0 linker stubs
 *(.eh_frame)
 .eh_frame      0x0800ddb4        0x0 C:/ST/STM32CubeIDE_1.19.0/STM32CubeIDE/plugins/com.st.stm32cube.ide.mcu.externaltools.gnu-tools-for-stm32.13.3.rel1.win32_1.0.0.202411081344/tools/bin/../lib/gcc/arm-none-eabi/13.3.1/thumb/v7e-m+fp/hard/crtbegin.o
 *(.init)
 .init          0x0800ddb4        0x4 C:/ST/STM32CubeIDE_1.19.0/STM32CubeIDE/plugins/com.st.stm32cube.ide.mcu.externaltools.gnu-tools-for-stm32.13.3.rel1.win32_1.0.0.202411081344/tools/bin/../lib/gcc/arm-none-eabi/13.3.1/thumb/v7e-m+fp/hard/crti.o
                0x0800ddb4                _init
 .init          0x0800ddb8        0x8 C:/ST/STM32CubeIDE_1.19.0/STM32CubeIDE/plugins/com.st.stm32cube.ide.mcu.externaltools.gnu-tools-for-stm32.13.3.rel1.win32_1.0.0.202411081344/tools/bin/../lib/gcc/arm-none-eabi/13.3.1/thumb/v7e-m+fp/hard/crtn.o
 *(.fini)
 .fini          0x0800ddc0        0x4 C:/ST/STM32CubeIDE_1.19.0/STM32CubeIDE/plugins/com.st.stm32cube.ide.mcu.externaltools.gnu-tools-for-stm32.13.3.rel1.win32_1.0.0.202411081344/tools/bin/../lib/gcc/arm-none-eabi/13.3.1/thumb/v7e-m+fp/hard/crti.o
                0x0800ddc0                _fini
 .fini          0x0800ddc4        0x8 C:/ST/STM32CubeIDE_1.19.0/STM32CubeIDE/plugins/com.st.stm32cube.ide.mcu.externaltools.gnu-tools-for-stm32.13.3.rel1.win32_1.0.0.202411081344/tools/bin/../lib/gcc/arm-none-eabi/13.3.1/thumb/v7e-m+fp/hard/crtn.o
                0x0800ddcc                        . = ALIGN (0x4)
                0x0800ddcc                        _etext = .

.vfp11_veneer   0x0800ddcc        0x0
 .vfp11_veneer  0x0800ddcc        0x0 linker stubs

.v4_bx          0x0800ddcc        0x0
 .v4_bx         0x0800ddcc        0x0 linker stubs

.iplt           0x0800ddcc        0x0
 .iplt          0x0800ddcc        0x0 C:/ST/STM32CubeIDE_1.19.0/STM32CubeIDE/plugins/com.st.stm32cube.ide.mcu.externaltools.gnu-tools-for-stm32.13.3.rel1.win32_1.0.0.202411081344/tools/bin/../lib/gcc/arm-none-eabi/13.3.1/thumb/v7e-m+fp/hard/crtbegin.o

.rodata         0x0800ddd0     0x1fa4
                0x0800ddd0                        . = ALIGN (0x4)
 *(.rodata)
 .rodata        0x0800ddd0      0x1f5 ./Core/Src/fuel_gauge.o
 *fill*         0x0800dfc5        0x3 
 .rodata        0x0800dfc8      0x27b ./Core/Src/main.o
 *fill*         0x0800e243        0x1 
 .rodata        0x0800e244        0x5 ./Middlewares/Third_Party/FreeRTOS/Source/tasks.o
 *fill*         0x0800e249        0x3 
 .rodata        0x0800e24c        0xd ./Middlewares/Third_Party/FreeRTOS/Source/timers.o
 *fill*         0x0800e259        0x3 
 .rodata        0x0800e25c        0x8 ./npmx/drivers/src/npmx_charger.o
 *(.rodata*)
 .rodata.battery_model
                0x0800e264     0x1600 ./Core/Src/fuel_gauge.o
 .rodata.myTask01_attributes
                0x0800f864       0x24 ./Core/Src/main.o
                0x0800f864                myTask01_attributes
 .rodata.myTask02_attributes
                0x0800f888       0x24 ./Core/Src/main.o
                0x0800f888                myTask02_attributes
 .rodata.AHBPrescTable
                0x0800f8ac       0x10 ./Core/Src/system_stm32f4xx.o
                0x0800f8ac                AHBPrescTable
 .rodata.APBPrescTable
                0x0800f8bc        0x8 ./Core/Src/system_stm32f4xx.o
                0x0800f8bc                APBPrescTable
 .rodata.task_addr.6
                0x0800f8c4        0xe ./npmx/drivers/src/npmx_adc.o
 *fill*         0x0800f8d2        0x2 
 .rodata.msb_addresses.5
                0x0800f8d4       0x10 ./npmx/drivers/src/npmx_adc.o
 .rodata.lsb_addresses.4
                0x0800f8e4       0x10 ./npmx/drivers/src/npmx_adc.o
 .rodata.lsb_masks.3
                0x0800f8f4       0x10 ./npmx/drivers/src/npmx_adc.o
 .rodata.lsb_positions.2
                0x0800f904       0x10 ./npmx/drivers/src/npmx_adc.o
 .rodata.m_norm_vol_addr
                0x0800f914        0x4 ./npmx/drivers/src/npmx_buck.o
 .rodata.task_addr.8
                0x0800f918       0x10 ./npmx/drivers/src/npmx_buck.o
 .rodata.task_addr.1
                0x0800f928        0x6 ./npmx/drivers/src/npmx_charger.o
 *fill*         0x0800f92e        0x2 
 .rodata.m_id_to_callback.0
                0x0800f930        0x8 ./npmx/drivers/src/npmx_charger.o
 .rodata.callbacks_tab.2
                0x0800f938       0x20 ./npmx/drivers/src/npmx_core.o
 .rodata.registers_tab.1
                0x0800f958       0x10 ./npmx/drivers/src/npmx_core.o
 .rodata.m_scratch_reg_addr
                0x0800f968        0x4 ./npmx/drivers/src/npmx_errlog.o
 .rodata.m_mode_reg_addr
                0x0800f96c        0xa ./npmx/drivers/src/npmx_gpio.o
 *fill*         0x0800f976        0x2 
 .rodata.task_addr.0
                0x0800f978        0x2 ./npmx/drivers/src/npmx_vbusin.o
 *fill*         0x0800f97a        0x2 
 .rodata.default_config_params
                0x0800f97c       0x6c C:\Users\wech\STM32CubeIDE\workspace_1.19.0\STM_FREERTOS\lib\nrflib_fuel_gauge(libnrf_fuel_gauge__obfuscated.elf)
 .rodata._printf_float.str1.1